Component: ARM Compiler 5.05 update 1 (build 106) Tool: armlink [4d0efa]

==============================================================================

Section Cross References

    main.o(i.main) refers to system.o(i.System_Init) for System_Init
    main.o(i.main) refers to system.o(i.Task_Schedule) for Task_Schedule
    stm32f10x_it.o(i.EXTI2_IRQHandler) refers to stm32f10x_exti.o(i.EXTI_GetITStatus) for EXTI_GetITStatus
    stm32f10x_it.o(i.EXTI2_IRQHandler) refers to si24r1.o(i.SI24R1_read_reg) for SI24R1_read_reg
    stm32f10x_it.o(i.EXTI2_IRQHandler) refers to si24r1.o(i.SI24R1set_Mode) for SI24R1set_Mode
    stm32f10x_it.o(i.EXTI2_IRQHandler) refers to si24r1.o(i.SI24R1_write_reg) for SI24R1_write_reg
    stm32f10x_it.o(i.EXTI2_IRQHandler) refers to si24r1.o(i.SI24R1_RxPacket) for SI24R1_RxPacket
    stm32f10x_it.o(i.EXTI2_IRQHandler) refers to remotedata.o(i.Remote_Data_ReceiveAnalysis) for Remote_Data_ReceiveAnalysis
    stm32f10x_it.o(i.EXTI2_IRQHandler) refers to stm32f10x_exti.o(i.EXTI_ClearITPendingBit) for EXTI_ClearITPendingBit
    stm32f10x_it.o(i.EXTI2_IRQHandler) refers to si24r1.o(.bss) for SI24R1_RX_DATA
    stm32f10x_it.o(i.TIM4_IRQHandler) refers to stm32f10x_tim.o(i.TIM_GetITStatus) for TIM_GetITStatus
    stm32f10x_it.o(i.TIM4_IRQHandler) refers to stm32f10x_tim.o(i.TIM_ClearITPendingBit) for TIM_ClearITPendingBit
    stm32f10x_it.o(i.TIM4_IRQHandler) refers to stm32f10x_it.o(.data) for ms2
    stm32f10x_it.o(i.USART1_IRQHandler) refers to stm32f10x_usart.o(i.USART_GetITStatus) for USART_GetITStatus
    stm32f10x_it.o(i.USART1_IRQHandler) refers to ano_dt.o(i.ANO_DT_Data_Receive_Prepare) for ANO_DT_Data_Receive_Prepare
    stm32f10x_it.o(i.USART1_IRQHandler) refers to stm32f10x_usart.o(i.USART_ClearITPendingBit) for USART_ClearITPendingBit
    led.o(i.ACC_Offset_LED) refers to led.o(i.RGB_LED_Off) for RGB_LED_Off
    led.o(i.ACC_Offset_LED) refers to led.o(i.RGB_LED_green) for RGB_LED_green
    led.o(i.ACC_Offset_LED) refers to delay.o(i.Delay_ms) for Delay_ms
    led.o(i.BAR_Offset_LED) refers to led.o(i.RGB_LED_Off) for RGB_LED_Off
    led.o(i.BAR_Offset_LED) refers to led.o(i.RGB_LED_Violet) for RGB_LED_Violet
    led.o(i.BAR_Offset_LED) refers to delay.o(i.Delay_ms) for Delay_ms
    led.o(i.BATT_Alarm_LED) refers to led.o(i.RGB_LED_Red) for RGB_LED_Red
    led.o(i.BATT_Alarm_LED) refers to led.o(i.RGB_LED_Off) for RGB_LED_Off
    led.o(i.BATT_Alarm_LED) refers to power.o(.data) for BATT_LEDflag
    led.o(i.BATT_Alarm_LED) refers to led.o(.data) for flag
    led.o(i.GYRO_Offset_LED) refers to led.o(i.RGB_LED_Off) for RGB_LED_Off
    led.o(i.GYRO_Offset_LED) refers to led.o(i.RGB_LED_Blue) for RGB_LED_Blue
    led.o(i.GYRO_Offset_LED) refers to delay.o(i.Delay_ms) for Delay_ms
    led.o(i.LED_Init) refers to stm32f10x_rcc.o(i.RCC_APB2PeriphClockCmd) for RCC_APB2PeriphClockCmd
    led.o(i.LED_Init) refers to stm32f10x_gpio.o(i.GPIO_Init) for GPIO_Init
    led.o(i.LED_Init) refers to stm32f10x_gpio.o(i.GPIO_SetBits) for GPIO_SetBits
    led.o(i.LED_Init) refers to stm32f10x_gpio.o(i.GPIO_ResetBits) for GPIO_ResetBits
    led.o(i.LED_Run) refers to stm32f10x_gpio.o(i.GPIO_SetBits) for GPIO_SetBits
    led.o(i.LED_Run) refers to stm32f10x_gpio.o(i.GPIO_ResetBits) for GPIO_ResetBits
    led.o(i.LED_Run) refers to led.o(.data) for flag
    led.o(i.RGB_LED_Blue) refers to led.o(i.Write24Bit) for Write24Bit
    led.o(i.RGB_LED_Cyan) refers to led.o(i.Write24Bit) for Write24Bit
    led.o(i.RGB_LED_FLY) refers to led.o(i.Write24Bit) for Write24Bit
    led.o(i.RGB_LED_Off) refers to led.o(i.Write24Bit) for Write24Bit
    led.o(i.RGB_LED_Orange) refers to led.o(i.Write24Bit) for Write24Bit
    led.o(i.RGB_LED_Rand) refers to rand.o(.text) for rand
    led.o(i.RGB_LED_Rand) refers to led.o(i.Write24Bit) for Write24Bit
    led.o(i.RGB_LED_Red) refers to led.o(i.Write24Bit) for Write24Bit
    led.o(i.RGB_LED_Runing) refers to led.o(i.Write24Bit) for Write24Bit
    led.o(i.RGB_LED_Runing) refers to led.o(.data) for times
    led.o(i.RGB_LED_Violet) refers to led.o(i.Write24Bit) for Write24Bit
    led.o(i.RGB_LED_White) refers to led.o(i.Write24Bit) for Write24Bit
    led.o(i.RGB_LED_Yellow) refers to led.o(i.Write24Bit) for Write24Bit
    led.o(i.RGB_LED_green) refers to led.o(i.Write24Bit) for Write24Bit
    led.o(i.RGB_WByte) refers to led.o(i.Write1) for Write1
    led.o(i.RGB_WByte) refers to led.o(i.Write0) for Write0
    led.o(i.Write24Bit) refers to led.o(i.RGB_WByte) for RGB_WByte
    delay.o(i.Delay_Init) refers to misc.o(i.SysTick_CLKSourceConfig) for SysTick_CLKSourceConfig
    delay.o(i.Delay_Init) refers to system_stm32f10x.o(.data) for SystemCoreClock
    delay.o(i.Delay_Init) refers to delay.o(.data) for D_us
    delay.o(i.Delay_ms) refers to delay.o(.data) for D_ms
    delay.o(i.Delay_us) refers to delay.o(.data) for D_us
    usart.o(i.USART_init) refers to stm32f10x_rcc.o(i.RCC_APB2PeriphClockCmd) for RCC_APB2PeriphClockCmd
[...]
    i.MPU6050_Read                           0x08003460   Section        0  mpu6050.o(i.MPU6050_Read)
    i.MPU6050_ReadByte                       0x08003474   Section        0  mpu6050.o(i.MPU6050_ReadByte)
    i.MPU6050_ReadMultBytes                  0x0800348e   Section        0  mpu6050.o(i.MPU6050_ReadMultBytes)
    i.MPU6050_WriteByte                      0x080034ac   Section        0  mpu6050.o(i.MPU6050_WriteByte)
    i.MPU6050_getDeviceID                    0x080034c6   Section        0  mpu6050.o(i.MPU6050_getDeviceID)
    i.MPU6050_testConnection                 0x080034d6   Section        0  mpu6050.o(i.MPU6050_testConnection)
    i.Moto_Pwm                               0x080034e8   Section        0  motor.o(i.Moto_Pwm)
    i.Motor_Test                             0x08003540   Section        0  control.o(i.Motor_Test)
    i.NVIC_Init                              0x08003570   Section        0  misc.o(i.NVIC_Init)
    i.NVIC_PriorityGroupConfig               0x080035e0   Section        0  misc.o(i.NVIC_PriorityGroupConfig)
    i.NvicConfig                             0x080035f4   Section        0  nvic.o(i.NvicConfig)
    i.PID_ReadFlash                          0x08003654   Section        0  paramsave.o(i.PID_ReadFlash)
    i.PID_WriteFlash                         0x08003cbc   Section        0  paramsave.o(i.PID_WriteFlash)
    i.ParamsToTable                          0x08003cf8   Section        0  paramsave.o(i.ParamsToTable)
    i.PidParameter_init                      0x08003f3c   Section        0  pid.o(i.PidParameter_init)
    i.Prepare_Data                           0x08003fec   Section        0  imu.o(i.Prepare_Data)
    i.QuiteSort                              0x08004174   Section        0  filter.o(i.QuiteSort)
    i.RCC_ADCCLKConfig                       0x080041ac   Section        0  stm32f10x_rcc.o(i.RCC_ADCCLKConfig)
    i.RCC_APB1PeriphClockCmd                 0x080041c4   Section        0  stm32f10x_rcc.o(i.RCC_APB1PeriphClockCmd)
    i.RCC_APB2PeriphClockCmd                 0x080041e4   Section        0  stm32f10x_rcc.o(i.RCC_APB2PeriphClockCmd)
    i.RCC_GetClocksFreq                      0x08004204   Section        0  stm32f10x_rcc.o(i.RCC_GetClocksFreq)
    i.RGB_LED_Blue                           0x080042d8   Section        0  led.o(i.RGB_LED_Blue)
    i.RGB_LED_FLY                            0x080042f2   Section        0  led.o(i.RGB_LED_FLY)
    i.RGB_LED_Off                            0x0800431c   Section        0  led.o(i.RGB_LED_Off)
    i.RGB_LED_Red                            0x08004336   Section        0  led.o(i.RGB_LED_Red)
    i.RGB_LED_Runing                         0x08004350   Section        0  led.o(i.RGB_LED_Runing)
    i.RGB_LED_green                          0x08004404   Section        0  led.o(i.RGB_LED_green)
    i.RGB_WByte                              0x0800441e   Section        0  led.o(i.RGB_WByte)
    i.Remote_Data_ReceiveAnalysis            0x08004448   Section        0  remotedata.o(i.Remote_Data_ReceiveAnalysis)
    i.SDA_IN                                 0x080044dc   Section        0  iic.o(i.SDA_IN)
    i.SDA_OUT                                0x08004500   Section        0  iic.o(i.SDA_OUT)
    i.SI24R1_Check                           0x0800452c   Section        0  si24r1.o(i.SI24R1_Check)
    i.SI24R1_Config                          0x08004560   Section        0  si24r1.o(i.SI24R1_Config)
    i.SI24R1_Init                            0x080045e8   Section        0  si24r1.o(i.SI24R1_Init)
    i.SI24R1_Read_Buf                        0x08004674   Section        0  si24r1.o(i.SI24R1_Read_Buf)
    i.SI24R1_RxPacket                        0x080046c0   Section        0  si24r1.o(i.SI24R1_RxPacket)
    i.SI24R1_SingalCheck                     0x080046f8   Section        0  remotedata.o(i.SI24R1_SingalCheck)
    i.SI24R1_TxPacket                        0x0800474c   Section        0  si24r1.o(i.SI24R1_TxPacket)
    i.SI24R1_Write_Buf                       0x080047ac   Section        0  si24r1.o(i.SI24R1_Write_Buf)
    i.SI24R1_read_reg                        0x080047f8   Section        0  si24r1.o(i.SI24R1_read_reg)
    i.SI24R1_testConnection                  0x08004830   Section        0  si24r1.o(i.SI24R1_testConnection)
    i.SI24R1_write_reg                       0x0800487c   Section        0  si24r1.o(i.SI24R1_write_reg)
    i.SI24R1set_Mode                         0x080048b4   Section        0  si24r1.o(i.SI24R1set_Mode)
    i.SPI2_WriteReadByte                     0x08004924   Section        0  spi.o(i.SPI2_WriteReadByte)
    i.SPI_Cmd                                0x0800495c   Section        0  stm32f10x_spi.o(i.SPI_Cmd)
    i.SPI_GPIO_Init                          0x08004974   Section        0  spi.o(i.SPI_GPIO_Init)
    i.SPI_I2S_GetFlagStatus                  0x080049f4   Section        0  stm32f10x_spi.o(i.SPI_I2S_GetFlagStatus)
    i.SPI_I2S_ReceiveData                    0x08004a06   Section        0  stm32f10x_spi.o(i.SPI_I2S_ReceiveData)
    i.SPI_I2S_SendData                       0x08004a0c   Section        0  stm32f10x_spi.o(i.SPI_I2S_SendData)
    i.SPI_Init                               0x08004a10   Section        0  stm32f10x_spi.o(i.SPI_Init)
    i.STMFLASH_Read                          0x08004a4c   Section        0  flash.o(i.STMFLASH_Read)
    i.STMFLASH_ReadWord                      0x08004a6c   Section        0  flash.o(i.STMFLASH_ReadWord)
    i.STMFLASH_Write                         0x08004a74   Section        0  flash.o(i.STMFLASH_Write)
    i.Safety_Check                           0x08004afc   Section        0  control.o(i.Safety_Check)
    i.SendToRemote                           0x08004b9c   Section        0  remotedata.o(i.SendToRemote)
    i.SetSysClock                            0x08004cb0   Section        0  system_stm32f10x.o(i.SetSysClock)
    SetSysClock                              0x08004cb1   Thumb Code     8  system_stm32f10x.o(i.SetSysClock)
    i.SetSysClockTo72                        0x08004cb8   Section        0  system_stm32f10x.o(i.SetSysClockTo72)
    SetSysClockTo72                          0x08004cb9   Thumb Code   214  system_stm32f10x.o(i.SetSysClockTo72)
    i.SortAver_FilterXYZ                     0x08004d98   Section        0  filter.o(i.SortAver_FilterXYZ)
    i.SysTick_CLKSourceConfig                0x08004eb4   Section        0  misc.o(i.SysTick_CLKSourceConfig)
    i.SystemInit                             0x08004edc   Section        0  system_stm32f10x.o(i.SystemInit)
    i.System_Init                            0x08004f3c   Section        0  system.o(i.System_Init)
    i.TIM4_IRQHandler                        0x08004f98   Section        0  stm32f10x_it.o(i.TIM4_IRQHandler)
    i.TIM_ClearITPendingBit                  0x0800509c   Section        0  stm32f10x_tim.o(i.TIM_ClearITPendingBit)
    i.TIM_Cmd                                0x080050a2   Section        0  stm32f10x_tim.o(i.TIM_Cmd)
    i.TIM_GetITStatus                        0x080050ba   Section        0  stm32f10x_tim.o(i.TIM_GetITStatus)
    i.TIM_ITConfig                           0x080050dc   Section        0  stm32f10x_tim.o(i.TIM_ITConfig)
    i.TIM_Init                               0x080050f0   Section        0  tim.o(i.TIM_Init)
    i.TIM_OC1Init                            0x08005134   Section        0  stm32f10x_tim.o(i.TIM_OC1Init)
    i.TIM_OC1PreloadConfig                   0x080051cc   Section        0  stm32f10x_tim.o(i.TIM_OC1PreloadConfig)
    i.TIM_OC2Init                            0x080051e0   Section        0  stm32f10x_tim.o(i.TIM_OC2Init)
    i.TIM_OC2PreloadConfig                   0x08005284   Section        0  stm32f10x_tim.o(i.TIM_OC2PreloadConfig)
    i.TIM_OC3Init                            0x080052a0   Section        0  stm32f10x_tim.o(i.TIM_OC3Init)
    i.TIM_OC3PreloadConfig                   0x08005340   Section        0  stm32f10x_tim.o(i.TIM_OC3PreloadConfig)
    i.TIM_OC4Init                            0x08005354   Section        0  stm32f10x_tim.o(i.TIM_OC4Init)
    i.TIM_OC4PreloadConfig                   0x080053d0   Section        0  stm32f10x_tim.o(i.TIM_OC4PreloadConfig)
    i.TIM_TimeBaseInit                       0x080053ec   Section        0  stm32f10x_tim.o(i.TIM_TimeBaseInit)
    i.TableToParams                          0x08005490   Section        0  paramsave.o(i.TableToParams)
    i.Task_Schedule                          0x080056e4   Section        0  system.o(i.Task_Schedule)
    i.USART1_IRQHandler                      0x08005790   Section        0  stm32f10x_it.o(i.USART1_IRQHandler)
    i.USART_ClearITPendingBit                0x080057dc   Section        0  stm32f10x_usart.o(i.USART_ClearITPendingBit)
    i.USART_Cmd                              0x080057fa   Section        0  stm32f10x_usart.o(i.USART_Cmd)
    i.USART_GetFlagStatus                    0x08005812   Section        0  stm32f10x_usart.o(i.USART_GetFlagStatus)
    i.USART_GetITStatus                      0x0800582c   Section        0  stm32f10x_usart.o(i.USART_GetITStatus)
    i.USART_ITConfig                         0x08005880   Section        0  stm32f10x_usart.o(i.USART_ITConfig)
    i.USART_Init                             0x080058cc   Section        0  stm32f10x_usart.o(i.USART_Init)
    i.USART_SendData                         0x080059a4   Section        0  stm32f10x_usart.o(i.USART_SendData)
    i.USART_init                             0x080059ac   Section        0  usart.o(i.USART_init)
    i.UnControl_Land                         0x08005a44   Section        0  remotedata.o(i.UnControl_Land)
    i.Write0                                 0x08005a64   Section        0  led.o(i.Write0)
    i.Write1                                 0x08005ad4   Section        0  led.o(i.Write1)
    i.Write24Bit                             0x08005b3c   Section        0  led.o(i.Write24Bit)
    i.__0printf                              0x08005b58   Section        0  printfa.o(i.__0printf)
    i.__ARM_fpclassify                       0x08005b78   Section        0  fpclassify.o(i.__ARM_fpclassify)
    i.__kernel_poly                          0x08005ba0   Section        0  poly.o(i.__kernel_poly)
    i.__mathlib_dbl_infnan                   0x08005c4a   Section        0  dunder.o(i.__mathlib_dbl_infnan)
    i.__mathlib_dbl_infnan2                  0x08005c50   Section        0  dunder.o(i.__mathlib_dbl_infnan2)
    i.__mathlib_dbl_invalid                  0x08005c54   Section        0  dunder.o(i.__mathlib_dbl_invalid)
    i.__mathlib_dbl_underflow                0x08005c60   Section        0  dunder.o(i.__mathlib_dbl_underflow)
    i.__scatterload_copy                     0x08005c70   Section       14  handlers.o(i.__scatterload_copy)
    i.__scatterload_null                     0x08005c7e   Section        2  handlers.o(i.__scatterload_null)
    i.__scatterload_zeroinit                 0x08005c80   Section       14  handlers.o(i.__scatterload_zeroinit)
    i.__set_errno                            0x08005c90   Section        0  errno.o(i.__set_errno)
    i._fp_digits                             0x08005c9c   Section        0  printfa.o(i._fp_digits)
    _fp_digits                               0x08005c9d   Thumb Code   334  printfa.o(i._fp_digits)
    i._printf_core                           0x08005e00   Section        0  printfa.o(i._printf_core)
    _printf_core                             0x08005e01   Thumb Code  1744  printfa.o(i._printf_core)
    i._printf_post_padding                   0x080064dc   Section        0  printfa.o(i._printf_post_padding)
    _printf_post_padding                     0x080064dd   Thumb Code    36  printfa.o(i._printf_post_padding)
    i._printf_pre_padding                    0x08006500   Section        0  printfa.o(i._printf_pre_padding)
    _printf_pre_padding                      0x08006501   Thumb Code    46  printfa.o(i._printf_pre_padding)
    i.asin                                   0x08006530   Section        0  asin.o(i.asin)
    i.atan                                   0x080067a0   Section        0  atan.o(i.atan)
    i.atan2                                  0x080069c0   Section        0  atan2.o(i.atan2)
    i.fputc                                  0x08006b40   Section        0  usart.o(i.fputc)
    i.invSqrt                                0x08006b64   Section        0  imu.o(i.invSqrt)
    invSqrt                                  0x08006b65   Thumb Code    72  imu.o(i.invSqrt)
    i.main                                   0x08006bb0   Section        0  main.o(i.main)
    i.sqrt                                   0x08006bbc   Section        0  sqrt.o(i.sqrt)
    i.usart_send                             0x08006c08   Section        0  usart.o(i.usart_send)
    .constdata                               0x08006c38   Section       36  imu.o(.constdata)
    .constdata                               0x08006c60   Section       80  asin.o(.constdata)
    pS                                       0x08006c60   Data          48  asin.o(.constdata)
    qS                                       0x08006c90   Data          32  asin.o(.constdata)
    .constdata                               0x08006cb0   Section      152  atan.o(.constdata)
    atanhi                                   0x08006cb0   Data          32  atan.o(.constdata)
    atanlo                                   0x08006cd0   Data          32  atan.o(.constdata)
    aTodd                                    0x08006cf0   Data          40  atan.o(.constdata)
    aTeven                                   0x08006d18   Data          48  atan.o(.constdata)
    .constdata                               0x08006d48   Section        8  qnan.o(.constdata)
    .data                                    0x20000000   Section       18  stm32f10x_it.o(.data)
    ms2                                      0x20000006   Data           2  stm32f10x_it.o(.data)
    ms5                                      0x20000008   Data           2  stm32f10x_it.o(.data)
    ms10                                     0x2000000a   Data           2  stm32f10x_it.o(.data)
    ms100                                    0x2000000c   Data           2  stm32f10x_it.o(.data)
    ms200                                    0x2000000e   Data           2  stm32f10x_it.o(.data)
    ms400                                    0x20000010   Data           2  stm32f10x_it.o(.data)
    .data                                    0x20000014   Section      454  led.o(.data)
    Run_buf                                  0x20000014   Data         448  led.o(.data)
    flag                                     0x200001d5   Data           1  led.o(.data)
    cnt                                      0x200001d6   Data           1  led.o(.data)
    wcnt                                     0x200001d7   Data           1  led.o(.data)
    times                                    0x200001d8   Data           1  led.o(.data)
    flag                                     0x200001d9   Data           1  led.o(.data)
    .data                                    0x200001da   Section        4  delay.o(.data)
    D_us                                     0x200001da   Data           1  delay.o(.data)
    D_ms                                     0x200001dc   Data           2  delay.o(.data)
    .data                                    0x200001e0   Section       42  mpu6050.o(.data)
    tempgx                                   0x200001fc   Data           4  mpu6050.o(.data)
    tempgy                                   0x20000200   Data           4  mpu6050.o(.data)
    tempgz                                   0x20000204   Data           4  mpu6050.o(.data)
    cnt_a                                    0x20000208   Data           2  mpu6050.o(.data)
    .data                                    0x2000020c   Section       23  power.o(.data)
    cnt                                      0x20000221   Data           1  power.o(.data)
    cnt1                                     0x20000222   Data           1  power.o(.data)
    .data                                    0x20000223   Section       13  si24r1.o(.data)
    mode                                     0x2000022e   Data           1  si24r1.o(.data)
    key                                      0x2000022f   Data           1  si24r1.o(.data)
    .data                                    0x20000230   Section       14  filter.o(.data)
    cnt                                      0x20000230   Data           1  filter.o(.data)
    flag                                     0x20000231   Data           1  filter.o(.data)
    cnt                                      0x20000232   Data           1  filter.o(.data)
    flag                                     0x20000233   Data           1  filter.o(.data)
    cnt                                      0x20000234   Data           1  filter.o(.data)
    flag                                     0x20000235   Data           1  filter.o(.data)
    cnt                                      0x20000236   Data           1  filter.o(.data)
    flag                                     0x20000237   Data           1  filter.o(.data)
    cnt                                      0x20000238   Data           1  filter.o(.data)
    flag                                     0x20000239   Data           1  filter.o(.data)
    cnt                                      0x2000023a   Data           1  filter.o(.data)
    flag                                     0x2000023b   Data           1  filter.o(.data)
    cnt                                      0x2000023c   Data           1  filter.o(.data)
    flag                                     0x2000023d   Data           1  filter.o(.data)
    .data                                    0x20000240   Section       33  imu.o(.data)
    IIR_mode                                 0x20000260   Data           1  imu.o(.data)
    .data                                    0x20000264   Section       28  control.o(.data)
    YAW                                      0x2000027e   Data           2  control.o(.data)
    .data                                    0x20000280   Section        9  ano_dt.o(.data)
    status_cnt                               0x20000281   Data           1  ano_dt.o(.data)
    senser_cnt                               0x20000282   Data           1  ano_dt.o(.data)
    rcdata_cnt                               0x20000283   Data           1  ano_dt.o(.data)
    motopwm_cnt                              0x20000284   Data           1  ano_dt.o(.data)
    power_cnt                                0x20000285   Data           1  ano_dt.o(.data)
    _data_len                                0x20000286   Data           1  ano_dt.o(.data)
    _data_cnt                                0x20000287   Data           1  ano_dt.o(.data)
    state                                    0x20000288   Data           1  ano_dt.o(.data)
    .data                                    0x2000028a   Section       12  remotedata.o(.data)
    PreButton                                0x20000294   Data           1  remotedata.o(.data)
    PreDataID                                0x20000295   Data           1  remotedata.o(.data)
    .data                                    0x20000296   Section       20  stm32f10x_rcc.o(.data)
    APBAHBPrescTable                         0x20000296   Data          16  stm32f10x_rcc.o(.data)
    ADCPrescTable                            0x200002a6   Data           4  stm32f10x_rcc.o(.data)
    .data                                    0x200002ac   Section       20  system_stm32f10x.o(.data)
    .data                                    0x200002c0   Section        4  stdout.o(.data)
    .data                                    0x200002c4   Section        4  errno.o(.data)
    _errno                                   0x200002c4   Data           4  errno.o(.data)
    .bss                                     0x200002c8   Section       64  fbm320.o(.bss)
    .bss                                     0x20000308   Section       14  mpu6050.o(.bss)
    MPU6050_buff                             0x20000308   Data          14  mpu6050.o(.bss)
    .bss                                     0x20000316   Section       64  si24r1.o(.bss)
    .bss                                     0x20000358   Section     1280  filter.o(.bss)
    buf                                      0x20000358   Data          80  filter.o(.bss)
    buf                                      0x200003a8   Data          80  filter.o(.bss)
    bufx                                     0x200003f8   Data          80  filter.o(.bss)
    bufy                                     0x20000448   Data          80  filter.o(.bss)
    bufz                                     0x20000498   Data          80  filter.o(.bss)
    bufax                                    0x200004e8   Data          80  filter.o(.bss)
    bufay                                    0x20000538   Data          80  filter.o(.bss)
    bufaz                                    0x20000588   Data          80  filter.o(.bss)
    bufgx                                    0x200005d8   Data          80  filter.o(.bss)
    bufgy                                    0x20000628   Data          80  filter.o(.bss)
    bufgz                                    0x20000678   Data          80  filter.o(.bss)
    bufax                                    0x200006c8   Data          80  filter.o(.bss)
    bufay                                    0x20000718   Data          80  filter.o(.bss)
    bufaz                                    0x20000768   Data          80  filter.o(.bss)
    buf                                      0x200007b8   Data          80  filter.o(.bss)
    buf                                      0x20000808   Data          80  filter.o(.bss)
    .bss                                     0x20000858   Section      120  imu.o(.bss)
    .bss                                     0x200008d0   Section       62  paramsave.o(.bss)
    .bss                                     0x20000910   Section      480  control.o(.bss)
    .bss                                     0x20000af0   Section      110  ano_dt.o(.bss)
    RxBuffer                                 0x20000b2c   Data          50  ano_dt.o(.bss)
    STACK                                    0x20000b60   Section     1024  startup_stm32f10x_md.o(STACK)

    Global Symbols

    Symbol Name                              Value     Ov Type        Size  Object(Section)

    BuildAttributes$$THM_ISAv4$P$D$K$B$S$PE$A:L22UL41UL21$X:L11$S22US41US21$IEEE1$IW$USESV6$~STKCKD$USESV7$~SHL$OTIME$ROPI$IEEEX$EBA8$MICROLIB$REQ8$PRES8$EABIv2 0x00000000   Number         0  anon$$obj.o ABSOLUTE
    __ARM_use_no_argv                        0x00000000   Number         0  main.o ABSOLUTE
    _printf_a                                0x00000000   Number         0  stubs.o ABSOLUTE
    _printf_c                                0x00000000   Number         0  stubs.o ABSOLUTE
    _printf_charcount                        0x00000000   Number         0  stubs.o ABSOLUTE
    _printf_d                                0x00000000   Number         0  stubs.o ABSOLUTE
    _printf_e                                0x00000000   Number         0  stubs.o ABSOLUTE
    _printf_f                                0x00000000   Number         0  stubs.o ABSOLUTE
    _printf_flags                            0x00000000   Number         0  stubs.o ABSOLUTE
    _printf_fp_dec                           0x00000000   Number         0  stubs.o ABSOLUTE
    _printf_fp_hex                           0x00000000   Number         0  stubs.o ABSOLUTE
    _printf_g                                0x00000000   Number         0  stubs.o ABSOLUTE
    _printf_i                                0x00000000   Number         0  stubs.o ABSOLUTE
    _printf_int_dec                          0x00000000   Number         0  stubs.o ABSOLUTE
    _printf_l                                0x00000000   Number         0  stubs.o ABSOLUTE
    _printf_lc                               0x00000000   Number         0  stubs.o ABSOLUTE
    _printf_ll                               0x00000000   Number         0  stubs.o ABSOLUTE
    _printf_lld                              0x00000000   Number         0  stubs.o ABSOLUTE
    _printf_lli                              0x00000000   Number         0  stubs.o ABSOLUTE
    _printf_llo                              0x00000000   Number         0  stubs.o ABSOLUTE
    _printf_llu                              0x00000000   Number         0  stubs.o ABSOLUTE
    _printf_llx                              0x00000000   Number         0  stubs.o ABSOLUTE
    _printf_longlong_dec                     0x00000000   Number         0  stubs.o ABSOLUTE
    _printf_longlong_hex                     0x00000000   Number         0  stubs.o ABSOLUTE
    _printf_longlong_oct                     0x00000000   Number         0  stubs.o ABSOLUTE
    _printf_ls                               0x00000000   Number         0  stubs.o ABSOLUTE
    _printf_mbtowc                           0x00000000   Number         0  stubs.o ABSOLUTE
    _printf_n                                0x00000000   Number         0  stubs.o ABSOLUTE
    _printf_o                                0x00000000   Number         0  stubs.o ABSOLUTE
    _printf_p                                0x00000000   Number         0  stubs.o ABSOLUTE
    _printf_percent                          0x00000000   Number         0  stubs.o ABSOLUTE
    _printf_pre_padding                      0x00000000   Number         0  stubs.o ABSOLUTE
    _printf_return_value                     0x00000000   Number         0  stubs.o ABSOLUTE
    _printf_s                                0x00000000   Number         0  stubs.o ABSOLUTE
    _printf_sizespec                         0x00000000   Number         0  stubs.o ABSOLUTE
    _printf_str                              0x00000000   Number         0  stubs.o ABSOLUTE
    _printf_truncate_signed                  0x00000000   Number         0  stubs.o ABSOLUTE
    _printf_truncate_unsigned                0x00000000   Number         0  stubs.o ABSOLUTE
    _printf_u                                0x00000000   Number         0  stubs.o ABSOLUTE
    _printf_wc                               0x00000000   Number         0  stubs.o ABSOLUTE
    _printf_wctomb                           0x00000000   Number         0  stubs.o ABSOLUTE
    _printf_widthprec                        0x00000000   Number         0  stubs.o ABSOLUTE
    _printf_x                                0x00000000   Number         0  stubs.o ABSOLUTE
    __cpp_initialize__aeabi_                  - Undefined Weak Reference
    __cxa_finalize                            - Undefined Weak Reference
    _clock_init                               - Undefined Weak Reference
    _microlib_exit                            - Undefined Weak Reference
    __Vectors_Size                           0x000000ec   Number         0  startup_stm32f10x_md.o ABSOLUTE
    __Vectors                                0x08000000   Data           4  startup_stm32f10x_md.o(RESET)
    __Vectors_End                            0x080000ec   Data           0  startup_stm32f10x_md.o(RESET)
    __main                                   0x080000ed   Thumb Code     0  entry.o(.ARM.Collect$$$$00000000)
    _main_stk                                0x080000ed   Thumb Code     0  entry2.o(.ARM.Collect$$$$00000001)
    _main_scatterload                        0x080000f1   Thumb Code     0  entry5.o(.ARM.Collect$$$$00000004)
    __main_after_scatterload                 0x080000f5   Thumb Code     0  entry5.o(.ARM.Collect$$$$00000004)
    _main_clock                              0x080000f5   Thumb Code     0  entry7b.o(.ARM.Collect$$$$00000008)
    _main_cpp_init                           0x080000f5   Thumb Code     0  entry8b.o(.ARM.Collect$$$$0000000A)
    _main_init                               0x080000f5   Thumb Code     0  entry9a.o(.ARM.Collect$$$$0000000B)
    __rt_final_cpp                           0x080000fd   Thumb Code     0  entry10a.o(.ARM.Collect$$$$0000000D)
    __rt_final_exit                          0x080000fd   Thumb Code     0  entry11a.o(.ARM.Collect$$$$0000000F)
    Reset_Handler                            0x08000101   Thumb Code     8  startup_stm32f10x_md.o(.text)
    NMI_Handler                              0x08000109   Thumb Code     2  startup_stm32f10x_md.o(.text)
    HardFault_Handler                        0x0800010b   Thumb Code     2  startup_stm32f10x_md.o(.text)
    MemManage_Handler                        0x0800010d   Thumb Code     2  startup_stm32f10x_md.o(.text)
    BusFault_Handler                         0x0800010f   Thumb Code     2  startup_stm32f10x_md.o(.text)
    UsageFault_Handler                       0x08000111   Thumb Code     2  startup_stm32f10x_md.o(.text)
    SVC_Handler                              0x08000113   Thumb Code     2  startup_stm32f10x_md.o(.text)
    DebugMon_Handler                         0x08000115   Thumb Code     2  startup_stm32f10x_md.o(.text)
    PendSV_Handler                           0x08000117   Thumb Code     2  startup_stm32f10x_md.o(.text)
    SysTick_Handler                          0x08000119   Thumb Code     2  startup_stm32f10x_md.o(.text)
    ADC1_2_IRQHandler                        0x0800011b   Thumb Code     0  startup_stm32f10x_md.o(.text)
    CAN1_RX1_IRQHandler                      0x0800011b   Thumb Code     0  startup_stm32f10x_md.o(.text)
    CAN1_SCE_IRQHandler                      0x0800011b   Thumb Code     0  startup_stm32f10x_md.o(.text)
    DMA1_Channel1_IRQHandler                 0x0800011b   Thumb Code     0  startup_stm32f10x_md.o(.text)
    DMA1_Channel2_IRQHandler                 0x0800011b   Thumb Code     0  startup_stm32f10x_md.o(.text)
    DMA1_Channel3_IRQHandler                 0x0800011b   Thumb Code     0  startup_stm32f10x_md.o(.text)
    DMA1_Channel4_IRQHandler                 0x0800011b   Thumb Code     0  startup_stm32f10x_md.o(.text)
    DMA1_Channel5_IRQHandler                 0x0800011b   Thumb Code     0  startup_stm32f10x_md.o(.text)
    DMA1_Channel6_IRQHandler                 0x0800011b   Thumb Code     0  startup_stm32f10x_md.o(.text)
    DMA1_Channel7_IRQHandler                 0x0800011b   Thumb Code     0  startup_stm32f10x_md.o(.text)
    EXTI0_IRQHandler                         0x0800011b   Thumb Code     0  startup_stm32f10x_md.o(.text)
    EXTI15_10_IRQHandler                     0x0800011b   Thumb Code     0  startup_stm32f10x_md.o(.text)
    EXTI1_IRQHandler                         0x0800011b   Thumb Code     0  startup_stm32f10x_md.o(.text)
    EXTI3_IRQHandler                         0x0800011b   Thumb Code     0  startup_stm32f10x_md.o(.text)
    EXTI4_IRQHandler                         0x0800011b   Thumb Code     0  startup_stm32f10x_md.o(.text)
    EXTI9_5_IRQHandler                       0x0800011b   Thumb Code     0  startup_stm32f10x_md.o(.text)
    FLASH_IRQHandler                         0x0800011b   Thumb Code     0  startup_stm32f10x_md.o(.text)
    I2C1_ER_IRQHandler                       0x0800011b   Thumb Code     0  startup_stm32f10x_md.o(.text)
    I2C1_EV_IRQHandler                       0x0800011b   Thumb Code     0  startup_stm32f10x_md.o(.text)
    I2C2_ER_IRQHandler                       0x0800011b   Thumb Code     0  startup_stm32f10x_md.o(.text)
    I2C2_EV_IRQHandler                       0x0800011b   Thumb Code     0  startup_stm32f10x_md.o(.text)
    PVD_IRQHandler                           0x0800011b   Thumb Code     0  startup_stm32f10x_md.o(.text)
    RCC_IRQHandler                           0x0800011b   Thumb Code     0  startup_stm32f10x_md.o(.text)
    RTCAlarm_IRQHandler                      0x0800011b   Thumb Code     0  startup_stm32f10x_md.o(.text)
    RTC_IRQHandler                           0x0800011b   Thumb Code     0  startup_stm32f10x_md.o(.text)
    SPI1_IRQHandler                          0x0800011b   Thumb Code     0  startup_stm32f10x_md.o(.text)
    SPI2_IRQHandler                          0x0800011b   Thumb Code     0  startup_stm32f10x_md.o(.text)
    TAMPER_IRQHandler                        0x0800011b   Thumb Code     0  startup_stm32f10x_md.o(.text)
    TIM1_BRK_IRQHandler                      0x0800011b   Thumb Code     0  startup_stm32f10x_md.o(.text)
    TIM1_CC_IRQHandler                       0x0800011b   Thumb Code     0  startup_stm32f10x_md.o(.text)
    TIM1_TRG_COM_IRQHandler                  0x0800011b   Thumb Code     0  startup_stm32f10x_md.o(.text)
    TIM1_UP_IRQHandler                       0x0800011b   Thumb Code     0  startup_stm32f10x_md.o(.text)
    TIM2_IRQHandler                          0x0800011b   Thumb Code     0  startup_stm32f10x_md.o(.text)
    TIM3_IRQHandler                          0x0800011b   Thumb Code     0  startup_stm32f10x_md.o(.text)
    USART2_IRQHandler                        0x0800011b   Thumb Code     0  startup_stm32f10x_md.o(.text)
    USART3_IRQHandler                        0x0800011b   Thumb Code     0  startup_stm32f10x_md.o(.text)
    USBWakeUp_IRQHandler                     0x0800011b   Thumb Code     0  startup_stm32f10x_md.o(.text)
    USB_HP_CAN1_TX_IRQHandler                0x0800011b   Thumb Code     0  startup_stm32f10x_md.o(.text)
    USB_LP_CAN1_RX0_IRQHandler               0x0800011b   Thumb Code     0  startup_stm32f10x_md.o(.text)
    WWDG_IRQHandler                          0x0800011b   Thumb Code     0  startup_stm32f10x_md.o(.text)
    __aeabi_memcpy                           0x08000125   Thumb Code    36  memcpya.o(.text)
    __aeabi_memcpy4                          0x08000125   Thumb Code     0  memcpya.o(.text)
    __aeabi_memcpy8                          0x08000125   Thumb Code     0  memcpya.o(.text)
    __aeabi_fadd                             0x08000149   Thumb Code   164  fadd.o(.text)
    __aeabi_fsub                             0x080001ed   Thumb Code     6  fadd.o(.text)
    __aeabi_frsub                            0x080001f3   Thumb Code     6  fadd.o(.text)
    __aeabi_fmul                             0x080001f9   Thumb Code   100  fmul.o(.text)
    __aeabi_fdiv                             0x0800025d   Thumb Code   124  fdiv.o(.text)
    __aeabi_dmul                             0x080002d9   Thumb Code   228  dmul.o(.text)
    __aeabi_i2f                              0x080003bd   Thumb Code    18  fflti.o(.text)
    __aeabi_ui2f                             0x080003cf   Thumb Code    10  ffltui.o(.text)
    __aeabi_i2d                              0x080003d9   Thumb Code    34  dflti.o(.text)
    __aeabi_f2iz                             0x080003fb   Thumb Code    50  ffixi.o(.text)
    __aeabi_f2uiz                            0x0800042d   Thumb Code    40  ffixui.o(.text)
    __aeabi_f2d                              0x08000455   Thumb Code    38  f2d.o(.text)
    __aeabi_cdrcmple                         0x0800047d   Thumb Code    48  cdrcmple.o(.text)
    __aeabi_d2f                              0x080004ad   Thumb Code    56  d2f.o(.text)
    __aeabi_cfcmpeq                          0x080004e5   Thumb Code     0  cfcmple.o(.text)
    __aeabi_cfcmple                          0x080004e5   Thumb Code    20  cfcmple.o(.text)
    __aeabi_cfrcmple                         0x080004f9   Thumb Code    20  cfrcmple.o(.text)
    __aeabi_uidiv                            0x0800050d   Thumb Code     0  uidiv.o(.text)
    __aeabi_uidivmod                         0x0800050d   Thumb Code    44  uidiv.o(.text)
    __aeabi_uldivmod                         0x08000539   Thumb Code    98  uldiv.o(.text)
    __aeabi_llsl                             0x0800059b   Thumb Code    30  llshl.o(.text)
    _ll_shift_l                              0x0800059b   Thumb Code     0  llshl.o(.text)
    __I$use$fp                               0x080005b9   Thumb Code     0  iusefp.o(.text)
    _float_round                             0x080005b9   Thumb Code    18  fepilogue.o(.text)
    _float_epilogue                          0x080005cb   Thumb Code    92  fepilogue.o(.text)
    _double_round                            0x08000627   Thumb Code    30  depilogue.o(.text)
    _double_epilogue                         0x08000645   Thumb Code   156  depilogue.o(.text)
    __aeabi_dadd                             0x080006e1   Thumb Code   322  dadd.o(.text)
    __aeabi_dsub                             0x08000823   Thumb Code     6  dadd.o(.text)
    __aeabi_drsub                            0x08000829   Thumb Code     6  dadd.o(.text)
    __aeabi_ddiv                             0x0800082f   Thumb Code   222  ddiv.o(.text)
    __ARM_scalbn                             0x0800090d   Thumb Code    46  dscalb.o(.text)
    scalbn                                   0x0800090d   Thumb Code     0  dscalb.o(.text)
    __aeabi_d2ulz                            0x0800093b   Thumb Code    48  dfixul.o(.text)
    __scatterload                            0x0800096d   Thumb Code    28  init.o(.text)
    __scatterload_rt2                        0x0800096d   Thumb Code     0  init.o(.text)
    __aeabi_llsr                             0x08000991   Thumb Code    32  llushr.o(.text)
    _ll_ushift_r                             0x08000991   Thumb Code     0  llushr.o(.text)
    __aeabi_lasr                             0x080009b1   Thumb Code    36  llsshr.o(.text)
    _ll_sshift_r                             0x080009b1   Thumb Code     0  llsshr.o(.text)
    _dsqrt                                   0x080009d5   Thumb Code   162  dsqrt.o(.text)
    __decompress                             0x08000a77   Thumb Code     0  __dczerorl2.o(.text)
    __decompress1                            0x08000a77   Thumb Code    86  __dczerorl2.o(.text)
    ACC_Offset_LED                           0x08000acd   Thumb Code    62  led.o(i.ACC_Offset_LED)
    ADC_Cmd                                  0x08000b0b   Thumb Code    22  stm32f10x_adc.o(i.ADC_Cmd)
    ADC_GetConversionValue                   0x08000b21   Thumb Code     8  stm32f10x_adc.o(i.ADC_GetConversionValue)
    ADC_GetFlagStatus                        0x08000b29   Thumb Code    18  stm32f10x_adc.o(i.ADC_GetFlagStatus)
    ADC_Init                                 0x08000b3d   Thumb Code    70  stm32f10x_adc.o(i.ADC_Init)
    ADC_RegularChannelConfig                 0x08000b8d   Thumb Code   184  stm32f10x_adc.o(i.ADC_RegularChannelConfig)
    ADC_SoftwareStartConvCmd                 0x08000c45   Thumb Code    22  stm32f10x_adc.o(i.ADC_SoftwareStartConvCmd)
    ANO_DT_Data_Exchange                     0x08000c5d   Thumb Code   776  ano_dt.o(i.ANO_DT_Data_Exchange)
    ANO_DT_Data_Receive_Anl                  0x08000fd9   Thumb Code  1280  ano_dt.o(i.ANO_DT_Data_Receive_Anl)
    ANO_DT_Data_Receive_Prepare              0x080014e5   Thumb Code   216  ano_dt.o(i.ANO_DT_Data_Receive_Prepare)
    ANO_DT_Send_Data                         0x08001615   Thumb Code    16  ano_dt.o(i.ANO_DT_Send_Data)
    ANO_DT_Send_PID                          0x08001625   Thumb Code   514  ano_dt.o(i.ANO_DT_Send_PID)
    ANO_DT_Send_Power                        0x08001831   Thumb Code   142  ano_dt.o(i.ANO_DT_Send_Power)
    ANO_DT_Send_Senser                       0x080018c5   Thumb Code   374  ano_dt.o(i.ANO_DT_Send_Senser)
    ANO_DT_Send_Status                       0x08001a41   Thumb Code   318  ano_dt.o(i.ANO_DT_Send_Status)
    Aver_Filter                              0x08001b89   Thumb Code   120  filter.o(i.Aver_Filter)
    BATT_Alarm_LED                           0x08001c0d   Thumb Code    38  led.o(i.BATT_Alarm_LED)
    BATT_GetVoltage                          0x08001c3d   Thumb Code   110  power.o(i.BATT_GetVoltage)
    BATT_Init                                0x08001cdd   Thumb Code   104  power.o(i.BATT_Init)
    Button_command                           0x08001d4d   Thumb Code   120  remotedata.o(i.Button_command)
    Data_Send_AngleRate                      0x08001dd1   Thumb Code   566  ano_dt.o(i.Data_Send_AngleRate)
    DefaultParams                            0x0800200d   Thumb Code   124  paramsave.o(i.DefaultParams)
    DefaultParams_WriteFlash                 0x0800208d   Thumb Code    50  paramsave.o(i.DefaultParams_WriteFlash)
    Delay_Init                               0x080020c9   Thumb Code    50  delay.o(i.Delay_Init)
    Delay_ms                                 0x0800210d   Thumb Code    66  delay.o(i.Delay_ms)
    Delay_us                                 0x08002155   Thumb Code    66  delay.o(i.Delay_us)
    EXTI2_IRQHandler                         0x0800219d   Thumb Code   124  stm32f10x_it.o(i.EXTI2_IRQHandler)
    EXTI_ClearITPendingBit                   0x08002221   Thumb Code     6  stm32f10x_exti.o(i.EXTI_ClearITPendingBit)
    EXTI_GetITStatus                         0x0800222d   Thumb Code    34  stm32f10x_exti.o(i.EXTI_GetITStatus)
    EXTI_Init                                0x08002255   Thumb Code   142  stm32f10x_exti.o(i.EXTI_Init)
    Exit_Init                                0x080022e9   Thumb Code    74  exit.o(i.Exit_Init)
    FLASH_ErasePage                          0x08002339   Thumb Code    72  stm32f10x_flash.o(i.FLASH_ErasePage)
    FLASH_GetBank1Status                     0x08002385   Thumb Code    48  stm32f10x_flash.o(i.FLASH_GetBank1Status)
    FLASH_Lock                               0x080023b9   Thumb Code    14  stm32f10x_flash.o(i.FLASH_Lock)
    FLASH_ProgramWord                        0x080023cd   Thumb Code   102  stm32f10x_flash.o(i.FLASH_ProgramWord)
    FLASH_Unlock                             0x08002439   Thumb Code    12  stm32f10x_flash.o(i.FLASH_Unlock)
    FLASH_WaitForLastOperation               0x08002451   Thumb Code    38  stm32f10x_flash.o(i.FLASH_WaitForLastOperation)
    FindPos                                  0x08002477   Thumb Code    90  filter.o(i.FindPos)
    GPIO_EXTILineConfig                      0x080024d1   Thumb Code    60  stm32f10x_gpio.o(i.GPIO_EXTILineConfig)
    GPIO_Init                                0x08002511   Thumb Code   278  stm32f10x_gpio.o(i.GPIO_Init)
    GPIO_ResetBits                           0x08002627   Thumb Code     4  stm32f10x_gpio.o(i.GPIO_ResetBits)
    GPIO_SetBits                             0x0800262b   Thumb Code     4  stm32f10x_gpio.o(i.GPIO_SetBits)
    GYRO_Offset_LED                          0x0800262f   Thumb Code    62  led.o(i.GYRO_Offset_LED)
    Get_BatteryAdc                           0x0800266d   Thumb Code    46  power.o(i.Get_BatteryAdc)
    IIC_Ack                                  0x080026a1   Thumb Code    46  iic.o(i.IIC_Ack)
    IIC_GPIO_Init                            0x080026d5   Thumb Code    46  iic.o(i.IIC_GPIO_Init)
    IIC_NAck                                 0x08002709   Thumb Code    48  iic.o(i.IIC_NAck)
    IIC_ReadByte                             0x0800273d   Thumb Code    84  iic.o(i.IIC_ReadByte)
    IIC_ReadByteFromSlave                    0x08002795   Thumb Code    74  iic.o(i.IIC_ReadByteFromSlave)
    IIC_ReadMultByteFromSlave                0x080027df   Thumb Code   114  iic.o(i.IIC_ReadMultByteFromSlave)
    IIC_SendByte                             0x08002851   Thumb Code    86  iic.o(i.IIC_SendByte)
    IIC_Start                                0x080028ad   Thumb Code    46  iic.o(i.IIC_Start)
    IIC_Stop                                 0x080028e1   Thumb Code    42  iic.o(i.IIC_Stop)
    IIC_WaitAck                              0x08002911   Thumb Code    76  iic.o(i.IIC_WaitAck)
    IIC_WriteByteToSlave                     0x08002961   Thumb Code    70  iic.o(i.IIC_WriteByteToSlave)
    IMUupdate                                0x080029a9   Thumb Code  1540  imu.o(i.IMUupdate)
    LED_Init                                 0x08002fc5   Thumb Code    60  led.o(i.LED_Init)
    LED_Run                                  0x08003005   Thumb Code    42  led.o(i.LED_Run)
    LowVoltage_Alarm                         0x08003039   Thumb Code   130  power.o(i.LowVoltage_Alarm)
    MOTOR_Init                               0x080030d9   Thumb Code   268  motor.o(i.MOTOR_Init)
    MPU6050_Check                            0x080031f1   Thumb Code    24  mpu6050.o(i.MPU6050_Check)
    MPU6050_Init                             0x08003225   Thumb Code    78  mpu6050.o(i.MPU6050_Init)
    MPU6050_OffSet                           0x08003275   Thumb Code   176  mpu6050.o(i.MPU6050_OffSet)
    MPU6050_Offset                           0x08003335   Thumb Code   274  mpu6050.o(i.MPU6050_Offset)
    MPU6050_Read                             0x08003461   Thumb Code    14  mpu6050.o(i.MPU6050_Read)
    MPU6050_ReadByte                         0x08003475   Thumb Code    26  mpu6050.o(i.MPU6050_ReadByte)
    MPU6050_ReadMultBytes                    0x0800348f   Thumb Code    30  mpu6050.o(i.MPU6050_ReadMultBytes)
    MPU6050_WriteByte                        0x080034ad   Thumb Code    26  mpu6050.o(i.MPU6050_WriteByte)
    MPU6050_getDeviceID                      0x080034c7   Thumb Code    16  mpu6050.o(i.MPU6050_getDeviceID)
    MPU6050_testConnection                   0x080034d7   Thumb Code    18  mpu6050.o(i.MPU6050_testConnection)
    Moto_Pwm                                 0x080034e9   Thumb Code    84  motor.o(i.Moto_Pwm)
    Motor_Test                               0x08003541   Thumb Code    48  control.o(i.Motor_Test)
    NVIC_Init                                0x08003571   Thumb Code   100  misc.o(i.NVIC_Init)
    NVIC_PriorityGroupConfig                 0x080035e1   Thumb Code    10  misc.o(i.NVIC_PriorityGroupConfig)
    NvicConfig                               0x080035f5   Thumb Code    94  nvic.o(i.NvicConfig)
    PID_ReadFlash                            0x08003655   Thumb Code  1640  paramsave.o(i.PID_ReadFlash)
    PID_WriteFlash                           0x08003cbd   Thumb Code    50  paramsave.o(i.PID_WriteFlash)
    ParamsToTable                            0x08003cf9   Thumb Code   528  paramsave.o(i.ParamsToTable)
    PidParameter_init                        0x08003f3d   Thumb Code   124  pid.o(i.PidParameter_init)
    Prepare_Data                             0x08003fed   Thumb Code   340  imu.o(i.Prepare_Data)
    QuiteSort                                0x08004175   Thumb Code    56  filter.o(i.QuiteSort)
    RCC_ADCCLKConfig                         0x080041ad   Thumb Code    18  stm32f10x_rcc.o(i.RCC_ADCCLKConfig)
    RCC_APB1PeriphClockCmd                   0x080041c5   Thumb Code    26  stm32f10x_rcc.o(i.RCC_APB1PeriphClockCmd)
    RCC_APB2PeriphClockCmd                   0x080041e5   Thumb Code    26  stm32f10x_rcc.o(i.RCC_APB2PeriphClockCmd)
    RCC_GetClocksFreq                        0x08004205   Thumb Code   192  stm32f10x_rcc.o(i.RCC_GetClocksFreq)
    RGB_LED_Blue                             0x080042d9   Thumb Code    26  led.o(i.RGB_LED_Blue)
    RGB_LED_FLY                              0x080042f3   Thumb Code    42  led.o(i.RGB_LED_FLY)
    RGB_LED_Off                              0x0800431d   Thumb Code    26  led.o(i.RGB_LED_Off)
    RGB_LED_Red                              0x08004337   Thumb Code    26  led.o(i.RGB_LED_Red)
    RGB_LED_Runing                           0x08004351   Thumb Code   164  led.o(i.RGB_LED_Runing)
    RGB_LED_green                            0x08004405   Thumb Code    26  led.o(i.RGB_LED_green)
    RGB_WByte                                0x0800441f   Thumb Code    40  led.o(i.RGB_WByte)
    Remote_Data_ReceiveAnalysis              0x08004449   Thumb Code   132  remotedata.o(i.Remote_Data_ReceiveAnalysis)
    SDA_IN                                   0x080044dd   Thumb Code    32  iic.o(i.SDA_IN)
    SDA_OUT                                  0x08004501   Thumb Code    38  iic.o(i.SDA_OUT)
    SI24R1_Check                             0x0800452d   Thumb Code    24  si24r1.o(i.SI24R1_Check)
    SI24R1_Config                            0x08004561   Thumb Code   124  si24r1.o(i.SI24R1_Config)
    SI24R1_Init                              0x080045e9   Thumb Code   132  si24r1.o(i.SI24R1_Init)
    SI24R1_Read_Buf                          0x08004675   Thumb Code    72  si24r1.o(i.SI24R1_Read_Buf)
    SI24R1_RxPacket                          0x080046c1   Thumb Code    52  si24r1.o(i.SI24R1_RxPacket)
    SI24R1_SingalCheck                       0x080046f9   Thumb Code    62  remotedata.o(i.SI24R1_SingalCheck)
    SI24R1_TxPacket                          0x0800474d   Thumb Code    86  si24r1.o(i.SI24R1_TxPacket)
    SI24R1_Write_Buf                         0x080047ad   Thumb Code    70  si24r1.o(i.SI24R1_Write_Buf)
    SI24R1_read_reg                          0x080047f9   Thumb Code    50  si24r1.o(i.SI24R1_read_reg)
    SI24R1_testConnection                    0x08004831   Thumb Code    66  si24r1.o(i.SI24R1_testConnection)
    SI24R1_write_reg                         0x0800487d   Thumb Code    52  si24r1.o(i.SI24R1_write_reg)
    SI24R1set_Mode                           0x080048b5   Thumb Code   106  si24r1.o(i.SI24R1set_Mode)
    SPI2_WriteReadByte                       0x08004925   Thumb Code    50  spi.o(i.SPI2_WriteReadByte)
    SPI_Cmd                                  0x0800495d   Thumb Code    24  stm32f10x_spi.o(i.SPI_Cmd)
    SPI_GPIO_Init                            0x08004975   Thumb Code   120  spi.o(i.SPI_GPIO_Init)
    SPI_I2S_GetFlagStatus                    0x080049f5   Thumb Code    18  stm32f10x_spi.o(i.SPI_I2S_GetFlagStatus)
    SPI_I2S_ReceiveData                      0x08004a07   Thumb Code     6  stm32f10x_spi.o(i.SPI_I2S_ReceiveData)
    SPI_I2S_SendData                         0x08004a0d   Thumb Code     4  stm32f10x_spi.o(i.SPI_I2S_SendData)
    SPI_Init                                 0x08004a11   Thumb Code    60  stm32f10x_spi.o(i.SPI_Init)
    STMFLASH_Read                            0x08004a4d   Thumb Code    32  flash.o(i.STMFLASH_Read)
    STMFLASH_ReadWord                        0x08004a6d   Thumb Code     6  flash.o(i.STMFLASH_ReadWord)
    STMFLASH_Write                           0x08004a75   Thumb Code   126  flash.o(i.STMFLASH_Write)
    Safety_Check                             0x08004afd   Thumb Code   122  control.o(i.Safety_Check)
    SendToRemote                             0x08004b9d   Thumb Code   244  remotedata.o(i.SendToRemote)
    SortAver_FilterXYZ                       0x08004d99   Thumb Code   264  filter.o(i.SortAver_FilterXYZ)
    SysTick_CLKSourceConfig                  0x08004eb5   Thumb Code    40  misc.o(i.SysTick_CLKSourceConfig)
    SystemInit                               0x08004edd   Thumb Code    78  system_stm32f10x.o(i.SystemInit)
    System_Init                              0x08004f3d   Thumb Code    70  system.o(i.System_Init)
    TIM4_IRQHandler                          0x08004f99   Thumb Code   206  stm32f10x_it.o(i.TIM4_IRQHandler)
    TIM_ClearITPendingBit                    0x0800509d   Thumb Code     6  stm32f10x_tim.o(i.TIM_ClearITPendingBit)
    TIM_Cmd                                  0x080050a3   Thumb Code    24  stm32f10x_tim.o(i.TIM_Cmd)
    TIM_GetITStatus                          0x080050bb   Thumb Code    34  stm32f10x_tim.o(i.TIM_GetITStatus)
    TIM_ITConfig                             0x080050dd   Thumb Code    18  stm32f10x_tim.o(i.TIM_ITConfig)
    TIM_Init                                 0x080050f1   Thumb Code    62  tim.o(i.TIM_Init)
    TIM_OC1Init                              0x08005135   Thumb Code   132  stm32f10x_tim.o(i.TIM_OC1Init)
    TIM_OC1PreloadConfig                     0x080051cd   Thumb Code    18  stm32f10x_tim.o(i.TIM_OC1PreloadConfig)
    TIM_OC2Init                              0x080051e1   Thumb Code   154  stm32f10x_tim.o(i.TIM_OC2Init)
    TIM_OC2PreloadConfig                     0x08005285   Thumb Code    26  stm32f10x_tim.o(i.TIM_OC2PreloadConfig)
    TIM_OC3Init                              0x080052a1   Thumb Code   150  stm32f10x_tim.o(i.TIM_OC3Init)
    TIM_OC3PreloadConfig                     0x08005341   Thumb Code    18  stm32f10x_tim.o(i.TIM_OC3PreloadConfig)
    TIM_OC4Init                              0x08005355   Thumb Code   114  stm32f10x_tim.o(i.TIM_OC4Init)
    TIM_OC4PreloadConfig                     0x080053d1   Thumb Code    26  stm32f10x_tim.o(i.TIM_OC4PreloadConfig)
    TIM_TimeBaseInit                         0x080053ed   Thumb Code   122  stm32f10x_tim.o(i.TIM_TimeBaseInit)
    TableToParams                            0x08005491   Thumb Code   542  paramsave.o(i.TableToParams)
    Task_Schedule                            0x080056e5   Thumb Code   128  system.o(i.Task_Schedule)
    USART1_IRQHandler                        0x08005791   Thumb Code    70  stm32f10x_it.o(i.USART1_IRQHandler)
    USART_ClearITPendingBit                  0x080057dd   Thumb Code    30  stm32f10x_usart.o(i.USART_ClearITPendingBit)
    USART_Cmd                                0x080057fb   Thumb Code    24  stm32f10x_usart.o(i.USART_Cmd)
    USART_GetFlagStatus                      0x08005813   Thumb Code    26  stm32f10x_usart.o(i.USART_GetFlagStatus)
    USART_GetITStatus                        0x0800582d   Thumb Code    84  stm32f10x_usart.o(i.USART_GetITStatus)
    USART_ITConfig                           0x08005881   Thumb Code    74  stm32f10x_usart.o(i.USART_ITConfig)
    USART_Init                               0x080058cd   Thumb Code   210  stm32f10x_usart.o(i.USART_Init)
    USART_SendData                           0x080059a5   Thumb Code     8  stm32f10x_usart.o(i.USART_SendData)
    USART_init                               0x080059ad   Thumb Code   142  usart.o(i.USART_init)
    UnControl_Land                           0x08005a45   Thumb Code    28  remotedata.o(i.UnControl_Land)
    Write0                                   0x08005a65   Thumb Code   106  led.o(i.Write0)
    Write1                                   0x08005ad5   Thumb Code    98  led.o(i.Write1)
    Write24Bit                               0x08005b3d   Thumb Code    28  led.o(i.Write24Bit)
    __0printf                                0x08005b59   Thumb Code    22  printfa.o(i.__0printf)
    __1printf                                0x08005b59   Thumb Code     0  printfa.o(i.__0printf)
    __2printf                                0x08005b59   Thumb Code     0  printfa.o(i.__0printf)
    __c89printf                              0x08005b59   Thumb Code     0  printfa.o(i.__0printf)
    printf                                   0x08005b59   Thumb Code     0  printfa.o(i.__0printf)
    __ARM_fpclassify                         0x08005b79   Thumb Code    40  fpclassify.o(i.__ARM_fpclassify)
    __kernel_poly                            0x08005ba1   Thumb Code   170  poly.o(i.__kernel_poly)
    __mathlib_dbl_infnan                     0x08005c4b   Thumb Code     6  dunder.o(i.__mathlib_dbl_infnan)
    __mathlib_dbl_infnan2                    0x08005c51   Thumb Code     4  dunder.o(i.__mathlib_dbl_infnan2)
    __mathlib_dbl_invalid                    0x08005c55   Thumb Code    12  dunder.o(i.__mathlib_dbl_invalid)
    __mathlib_dbl_underflow                  0x08005c61   Thumb Code    10  dunder.o(i.__mathlib_dbl_underflow)
    __scatterload_copy                       0x08005c71   Thumb Code    14  handlers.o(i.__scatterload_copy)
    __scatterload_null                       0x08005c7f   Thumb Code     2  handlers.o(i.__scatterload_null)
    __scatterload_zeroinit                   0x08005c81   Thumb Code    14  handlers.o(i.__scatterload_zeroinit)
    __set_errno                              0x08005c91   Thumb Code     6  errno.o(i.__set_errno)
    asin                                     0x08006531   Thumb Code   572  asin.o(i.asin)
    atan                                     0x080067a1   Thumb Code   474  atan.o(i.atan)
    atan2                                    0x080069c1   Thumb Code   346  atan2.o(i.atan2)
    fputc                                    0x08006b41   Thumb Code    32  usart.o(i.fputc)
    main                                     0x08006bb1   Thumb Code    12  main.o(i.main)
    sqrt                                     0x08006bbd   Thumb Code    76  sqrt.o(i.sqrt)
    usart_send                               0x08006c09   Thumb Code    42  usart.o(i.usart_send)
    __mathlib_zero                           0x08006d48   Data           8  qnan.o(.constdata)
    Region$$Table$$Base                      0x08006d50   Number         0  anon$$obj.o(Region$$Table)
    Region$$Table$$Limit                     0x08006d70   Number         0  anon$$obj.o(Region$$Table)
    LED_Scan                                 0x20000000   Data           1  stm32f10x_it.o(.data)
    IMU_Scan                                 0x20000001   Data           1  stm32f10x_it.o(.data)
    MPU_Scan                                 0x20000002   Data           1  stm32f10x_it.o(.data)
    IRQ_Scan                                 0x20000003   Data           1  stm32f10x_it.o(.data)
    Batt_Scan                                0x20000004   Data           1  stm32f10x_it.o(.data)
    ANO_Scan                                 0x20000005   Data           1  stm32f10x_it.o(.data)
    Run_flag                                 0x200001d4   Data           1  led.o(.data)
    GYRO_OFFSET_RAW                          0x200001e0   Data           6  mpu6050.o(.data)
    ACC_OFFSET_RAW                           0x200001e6   Data           6  mpu6050.o(.data)
    MPU6050_ACC_RAW                          0x200001ec   Data           6  mpu6050.o(.data)
    MPU6050_GYRO_RAW                         0x200001f2   Data           6  mpu6050.o(.data)
    SENSER_OFFSET_FLAG                       0x200001f8   Data           1  mpu6050.o(.data)
    BAT                                      0x2000020c   Data          20  power.o(.data)
    BATT_LEDflag                             0x20000220   Data           1  power.o(.data)
    SI24R1addr                               0x20000223   Data           1  si24r1.o(.data)
    TX_ADDRESS                               0x20000224   Data           5  si24r1.o(.data)
    RX_ADDRESS                               0x20000229   Data           5  si24r1.o(.data)
    AccbUpdate                               0x20000240   Data           1  imu.o(.data)
    q0                                       0x20000244   Data           4  imu.o(.data)
    q1                                       0x20000248   Data           4  imu.o(.data)
    q2                                       0x2000024c   Data           4  imu.o(.data)
    q3                                       0x20000250   Data           4  imu.o(.data)
    exInt                                    0x20000254   Data           4  imu.o(.data)
    eyInt                                    0x20000258   Data           4  imu.o(.data)
    ezInt                                    0x2000025c   Data           4  imu.o(.data)
    Pre_THROTTLE                             0x20000264   Data           4  control.o(.data)
    THROTTLE                                 0x20000268   Data           4  control.o(.data)
    Moto_PWM_1                               0x2000026c   Data           4  control.o(.data)
    Moto_PWM_2                               0x20000270   Data           4  control.o(.data)
    Moto_PWM_3                               0x20000274   Data           4  control.o(.data)
    Moto_PWM_4                               0x20000278   Data           4  control.o(.data)
    SI24R1_Controlflag                       0x2000027c   Data           1  control.o(.data)
    Airplane_Enable                          0x2000027d   Data           1  control.o(.data)
    flag                                     0x20000280   Data           1  ano_dt.o(.data)
    DataID                                   0x2000028a   Data           1  remotedata.o(.data)
    RC_Control                               0x2000028c   Data           8  remotedata.o(.data)
    SystemCoreClock                          0x200002ac   Data           4  system_stm32f10x.o(.data)
    AHBPrescTable                            0x200002b0   Data          16  system_stm32f10x.o(.data)
    __stdout                                 0x200002c0   Data           4  stdout.o(.data)
    FBM                                      0x200002c8   Data          64  fbm320.o(.bss)
    SI24R1_TX_DATA                           0x20000316   Data          32  si24r1.o(.bss)
    SI24R1_RX_DATA                           0x20000336   Data          32  si24r1.o(.bss)
    Att_Angle                                0x20000858   Data          12  imu.o(.bss)
    Gyr_rad                                  0x20000864   Data          12  imu.o(.bss)
    Gyr_radold                               0x20000870   Data          12  imu.o(.bss)
    Acc_filt                                 0x2000087c   Data          12  imu.o(.bss)
    Gry_filt                                 0x20000888   Data          12  imu.o(.bss)
    Acc_filtold                              0x20000894   Data          12  imu.o(.bss)
    accb                                     0x200008a0   Data          12  imu.o(.bss)
    DCMgb                                    0x200008ac   Data          36  imu.o(.bss)
    PIDflash                                 0x200008d0   Data          62  paramsave.o(.bss)
    PID_ROL_Angle                            0x20000910   Data          60  control.o(.bss)
    PID_PIT_Angle                            0x2000094c   Data          60  control.o(.bss)
    PID_YAW_Angle                            0x20000988   Data          60  control.o(.bss)
    PID_ROL_Rate                             0x200009c4   Data          60  control.o(.bss)
    PID_PIT_Rate                             0x20000a00   Data          60  control.o(.bss)
    PID_YAW_Rate                             0x20000a3c   Data          60  control.o(.bss)
    PID_ALT_Rate                             0x20000a78   Data          60  control.o(.bss)
    PID_ALT                                  0x20000ab4   Data          60  control.o(.bss)
    f                                        0x20000af0   Data          10  ano_dt.o(.bss)
    data_to_send                             0x20000afa   Data          50  ano_dt.o(.bss)
    __initial_sp                             0x20000f60   Data           0  startup_stm32f10x_md.o(STACK)



==============================================================================

Memory Map of the image

  Image Entry point : 0x080000ed

  Load Region LR_IROM1 (Base: 0x08000000, Size: 0x00007038, Max: 0x00010000, ABSOLUTE, COMPRESSED[0x00006dd8])

    Execution Region ER_IROM1 (Base: 0x08000000, Size: 0x00006d70, Max: 0x00010000, ABSOLUTE)

    Base Addr    Size         Type   Attr      Idx    E Section Name        Object

    0x08000000   0x000000ec   Data   RO         3443    RESET               startup_stm32f10x_md.o
    0x080000ec   0x00000000   Code   RO         3538  * .ARM.Collect$$$$00000000  mc_w.l(entry.o)
    0x080000ec   0x00000004   Code   RO         3899    .ARM.Collect$$$$00000001  mc_w.l(entry2.o)
    0x080000f0   0x00000004   Code   RO         3902    .ARM.Collect$$$$00000004  mc_w.l(entry5.o)
    0x080000f4   0x00000000   Code   RO         3904    .ARM.Collect$$$$00000008  mc_w.l(entry7b.o)
    0x080000f4   0x00000000   Code   RO         3906    .ARM.Collect$$$$0000000A  mc_w.l(entry8b.o)
    0x080000f4   0x00000008   Code   RO         3907    .ARM.Collect$$$$0000000B  mc_w.l(entry9a.o)
    0x080000fc   0x00000000   Code   RO         3909    .ARM.Collect$$$$0000000D  mc_w.l(entry10a.o)
    0x080000fc   0x00000000   Code   RO         3911    .ARM.Collect$$$$0000000F  mc_w.l(entry11a.o)
    0x080000fc   0x00000004   Code   RO         3900    .ARM.Collect$$$$00002712  mc_w.l(entry2.o)
    0x08000100   0x00000024   Code   RO         3444    .text               startup_stm32f10x_md.o
    0x08000124   0x00000024   Code   RO         3544    .text               mc_w.l(memcpya.o)
    0x08000148   0x000000b0   Code   RO         3809    .text               mf_w.l(fadd.o)
    0x080001f8   0x00000064   Code   RO         3811    .text               mf_w.l(fmul.o)
    0x0800025c   0x0000007c   Code   RO         3813    .text               mf_w.l(fdiv.o)
    0x080002d8   0x000000e4   Code   RO         3815    .text               mf_w.l(dmul.o)
    0x080003bc   0x00000012   Code   RO         3817    .text               mf_w.l(fflti.o)
    0x080003ce   0x0000000a   Code   RO         3819    .text               mf_w.l(ffltui.o)
    0x080003d8   0x00000022   Code   RO         3823    .text               mf_w.l(dflti.o)
    0x080003fa   0x00000032   Code   RO         3825    .text               mf_w.l(ffixi.o)
    0x0800042c   0x00000028   Code   RO         3827    .text               mf_w.l(ffixui.o)
    0x08000454   0x00000026   Code   RO         3831    .text               mf_w.l(f2d.o)
    0x0800047a   0x00000002   PAD
    0x0800047c   0x00000030   Code   RO         3835    .text               mf_w.l(cdrcmple.o)
    0x080004ac   0x00000038   Code   RO         3837    .text               mf_w.l(d2f.o)
    0x080004e4   0x00000014   Code   RO         3839    .text               mf_w.l(cfcmple.o)
    0x080004f8   0x00000014   Code   RO         3841    .text               mf_w.l(cfrcmple.o)
    0x0800050c   0x0000002c   Code   RO         3914    .text               mc_w.l(uidiv.o)
    0x08000538   0x00000062   Code   RO         3916    .text               mc_w.l(uldiv.o)
    0x0800059a   0x0000001e   Code   RO         3918    .text               mc_w.l(llshl.o)
    0x080005b8   0x00000000   Code   RO         3927    .text               mc_w.l(iusefp.o)
    0x080005b8   0x0000006e   Code   RO         3928    .text               mf_w.l(fepilogue.o)
    0x08000626   0x000000ba   Code   RO         3934    .text               mf_w.l(depilogue.o)
    0x080006e0   0x0000014e   Code   RO         3936    .text               mf_w.l(dadd.o)
    0x0800082e   0x000000de   Code   RO         3938    .text               mf_w.l(ddiv.o)
    0x0800090c   0x0000002e   Code   RO         3940    .text               mf_w.l(dscalb.o)
    0x0800093a   0x00000030   Code   RO         3942    .text               mf_w.l(dfixul.o)
    0x0800096a   0x00000002   PAD
    0x0800096c   0x00000024   Code   RO         3948    .text               mc_w.l(init.o)
    0x08000990   0x00000020   Code   RO         3950    .text               mc_w.l(llushr.o)
    0x080009b0   0x00000024   Code   RO         3952    .text               mc_w.l(llsshr.o)
    0x080009d4   0x000000a2   Code   RO         3954    .text               mf_w.l(dsqrt.o)
    0x08000a76   0x00000056   Code   RO         3964    .text               mc_w.l(__dczerorl2.o)
    0x08000acc   0x0000003e   Code   RO          207    i.ACC_Offset_LED    led.o
    0x08000b0a   0x00000016   Code   RO         1718    i.ADC_Cmd           stm32f10x_adc.o
    0x08000b20   0x00000008   Code   RO         1727    i.ADC_GetConversionValue  stm32f10x_adc.o
    0x08000b28   0x00000012   Code   RO         1729    i.ADC_GetFlagStatus  stm32f10x_adc.o
    0x08000b3a   0x00000002   PAD
    0x08000b3c   0x00000050   Code   RO         1736    i.ADC_Init          stm32f10x_adc.o
    0x08000b8c   0x000000b8   Code   RO         1740    i.ADC_RegularChannelConfig  stm32f10x_adc.o
    0x08000c44   0x00000016   Code   RO         1743    i.ADC_SoftwareStartConvCmd  stm32f10x_adc.o
    0x08000c5a   0x00000002   PAD
    0x08000c5c   0x0000037c   Code   RO         1507    i.ANO_DT_Data_Exchange  ano_dt.o
    0x08000fd8   0x0000050c   Code   RO         1508    i.ANO_DT_Data_Receive_Anl  ano_dt.o
    0x080014e4   0x000000e8   Code   RO         1509    i.ANO_DT_Data_Receive_Prepare  ano_dt.o
    0x080015cc   0x00000048   Code   RO         1510    i.ANO_DT_Send_Check  ano_dt.o
    0x08001614   0x00000010   Code   RO         1511    i.ANO_DT_Send_Data  ano_dt.o
    0x08001624   0x0000020c   Code   RO         1513    i.ANO_DT_Send_PID   ano_dt.o
    0x08001830   0x00000094   Code   RO         1514    i.ANO_DT_Send_Power  ano_dt.o
    0x080018c4   0x0000017c   Code   RO         1516    i.ANO_DT_Send_Senser  ano_dt.o
    0x08001a40   0x00000148   Code   RO         1517    i.ANO_DT_Send_Status  ano_dt.o
    0x08001b88   0x00000084   Code   RO         1144    i.Aver_Filter       filter.o
    0x08001c0c   0x00000030   Code   RO          209    i.BATT_Alarm_LED    led.o
    0x08001c3c   0x000000a0   Code   RO          959    i.BATT_GetVoltage   power.o
    0x08001cdc   0x00000070   Code   RO          960    i.BATT_Init         power.o
    0x08001d4c   0x00000084   Code   RO         1609    i.Button_command    remotedata.o
    0x08001dd0   0x0000023c   Code   RO         1518    i.Data_Send_AngleRate  ano_dt.o
    0x0800200c   0x00000080   Code   RO         1320    i.DefaultParams     paramsave.o
    0x0800208c   0x0000003c   Code   RO         1321    i.DefaultParams_WriteFlash  paramsave.o
    0x080020c8   0x00000044   Code   RO          371    i.Delay_Init        delay.o
    0x0800210c   0x00000048   Code   RO          372    i.Delay_ms          delay.o
    0x08002154   0x00000048   Code   RO          373    i.Delay_us          delay.o
    0x0800219c   0x00000084   Code   RO          164    i.EXTI2_IRQHandler  stm32f10x_it.o
    0x08002220   0x0000000c   Code   RO         1947    i.EXTI_ClearITPendingBit  stm32f10x_exti.o
    0x0800222c   0x00000028   Code   RO         1951    i.EXTI_GetITStatus  stm32f10x_exti.o
    0x08002254   0x00000094   Code   RO         1952    i.EXTI_Init         stm32f10x_exti.o
    0x080022e8   0x00000050   Code   RO          493    i.Exit_Init         exit.o
    0x08002338   0x0000004c   Code   RO         2017    i.FLASH_ErasePage   stm32f10x_flash.o
    0x08002384   0x00000034   Code   RO         2018    i.FLASH_GetBank1Status  stm32f10x_flash.o
    0x080023b8   0x00000014   Code   RO         2027    i.FLASH_Lock        stm32f10x_flash.o
    0x080023cc   0x0000006c   Code   RO         2032    i.FLASH_ProgramWord  stm32f10x_flash.o
    0x08002438   0x00000018   Code   RO         2035    i.FLASH_Unlock      stm32f10x_flash.o
    0x08002450   0x00000026   Code   RO         2039    i.FLASH_WaitForLastOperation  stm32f10x_flash.o
    0x08002476   0x0000005a   Code   RO         1148    i.FindPos           filter.o
    0x080024d0   0x00000040   Code   RO         2201    i.GPIO_EXTILineConfig  stm32f10x_gpio.o
    0x08002510   0x00000116   Code   RO         2204    i.GPIO_Init         stm32f10x_gpio.o
    0x08002626   0x00000004   Code   RO         2211    i.GPIO_ResetBits    stm32f10x_gpio.o
    0x0800262a   0x00000004   Code   RO         2212    i.GPIO_SetBits      stm32f10x_gpio.o
    0x0800262e   0x0000003e   Code   RO          210    i.GYRO_Offset_LED   led.o
    0x0800266c   0x00000034   Code   RO          961    i.Get_BatteryAdc    power.o
    0x080026a0   0x00000034   Code   RO          517    i.IIC_Ack           iic.o
    0x080026d4   0x00000034   Code   RO          518    i.IIC_GPIO_Init     iic.o
    0x08002708   0x00000034   Code   RO          519    i.IIC_NAck          iic.o
    0x0800273c   0x00000058   Code   RO          520    i.IIC_ReadByte      iic.o
    0x08002794   0x0000004a   Code   RO          521    i.IIC_ReadByteFromSlave  iic.o
    0x080027de   0x00000072   Code   RO          522    i.IIC_ReadMultByteFromSlave  iic.o
    0x08002850   0x0000005c   Code   RO          523    i.IIC_SendByte      iic.o
    0x080028ac   0x00000034   Code   RO          524    i.IIC_Start         iic.o
    0x080028e0   0x00000030   Code   RO          525    i.IIC_Stop          iic.o
    0x08002910   0x00000050   Code   RO          526    i.IIC_WaitAck       iic.o
    0x08002960   0x00000046   Code   RO          527    i.IIC_WriteByteToSlave  iic.o
    0x080029a6   0x00000002   PAD
    0x080029a8   0x0000061c   Code   RO         1237    i.IMUupdate         imu.o
    0x08002fc4   0x00000040   Code   RO          211    i.LED_Init          led.o
    0x08003004   0x00000034   Code   RO          212    i.LED_Run           led.o
    0x08003038   0x000000a0   Code   RO          962    i.LowVoltage_Alarm  power.o
    0x080030d8   0x00000118   Code   RO          649    i.MOTOR_Init        motor.o
    0x080031f0   0x00000034   Code   RO          796    i.MPU6050_Check     mpu6050.o
    0x08003224   0x0000004e   Code   RO          798    i.MPU6050_Init      mpu6050.o
    0x08003272   0x00000002   PAD
    0x08003274   0x000000c0   Code   RO          799    i.MPU6050_OffSet    mpu6050.o
    0x08003334   0x0000012c   Code   RO          800    i.MPU6050_Offset    mpu6050.o
    0x08003460   0x00000014   Code   RO          801    i.MPU6050_Read      mpu6050.o
    0x08003474   0x0000001a   Code   RO          802    i.MPU6050_ReadByte  mpu6050.o
    0x0800348e   0x0000001e   Code   RO          803    i.MPU6050_ReadMultBytes  mpu6050.o
    0x080034ac   0x0000001a   Code   RO          805    i.MPU6050_WriteByte  mpu6050.o
    0x080034c6   0x00000010   Code   RO          807    i.MPU6050_getDeviceID  mpu6050.o
    0x080034d6   0x00000012   Code   RO          808    i.MPU6050_testConnection  mpu6050.o
    0x080034e8   0x00000058   Code   RO          650    i.Moto_Pwm          motor.o
    0x08003540   0x00000030   Code   RO         1397    i.Motor_Test        control.o
    0x08003570   0x00000070   Code   RO         1664    i.NVIC_Init         misc.o
    0x080035e0   0x00000014   Code   RO         1665    i.NVIC_PriorityGroupConfig  misc.o
    0x080035f4   0x0000005e   Code   RO          469    i.NvicConfig        nvic.o
    0x08003652   0x00000002   PAD
    0x08003654   0x00000668   Code   RO         1323    i.PID_ReadFlash     paramsave.o
    0x08003cbc   0x0000003c   Code   RO         1324    i.PID_WriteFlash    paramsave.o
    0x08003cf8   0x00000244   Code   RO         1326    i.ParamsToTable     paramsave.o
    0x08003f3c   0x000000b0   Code   RO         1285    i.PidParameter_init  pid.o
    0x08003fec   0x00000188   Code   RO         1238    i.Prepare_Data      imu.o
    0x08004174   0x00000038   Code   RO         1150    i.QuiteSort         filter.o
    0x080041ac   0x00000018   Code   RO         2324    i.RCC_ADCCLKConfig  stm32f10x_rcc.o
    0x080041c4   0x00000020   Code   RO         2326    i.RCC_APB1PeriphClockCmd  stm32f10x_rcc.o
    0x080041e4   0x00000020   Code   RO         2328    i.RCC_APB2PeriphClockCmd  stm32f10x_rcc.o
    0x08004204   0x000000d4   Code   RO         2336    i.RCC_GetClocksFreq  stm32f10x_rcc.o
    0x080042d8   0x0000001a   Code   RO          213    i.RGB_LED_Blue      led.o
    0x080042f2   0x0000002a   Code   RO          215    i.RGB_LED_FLY       led.o
    0x0800431c   0x0000001a   Code   RO          216    i.RGB_LED_Off       led.o
    0x08004336   0x0000001a   Code   RO          219    i.RGB_LED_Red       led.o
    0x08004350   0x000000b4   Code   RO          220    i.RGB_LED_Runing    led.o
    0x08004404   0x0000001a   Code   RO          224    i.RGB_LED_green     led.o
    0x0800441e   0x00000028   Code   RO          225    i.RGB_WByte         led.o
    0x08004446   0x00000002   PAD
    0x08004448   0x00000094   Code   RO         1610    i.Remote_Data_ReceiveAnalysis  remotedata.o
    0x080044dc   0x00000024   Code   RO          529    i.SDA_IN            iic.o
    0x08004500   0x0000002c   Code   RO          530    i.SDA_OUT           iic.o
    0x0800452c   0x00000034   Code   RO         1008    i.SI24R1_Check      si24r1.o
    0x08004560   0x00000088   Code   RO         1009    i.SI24R1_Config     si24r1.o
    0x080045e8   0x0000008c   Code   RO         1011    i.SI24R1_Init       si24r1.o
    0x08004674   0x0000004c   Code   RO         1012    i.SI24R1_Read_Buf   si24r1.o
    0x080046c0   0x00000038   Code   RO         1013    i.SI24R1_RxPacket   si24r1.o
    0x080046f8   0x00000054   Code   RO         1611    i.SI24R1_SingalCheck  remotedata.o
    0x0800474c   0x00000060   Code   RO         1015    i.SI24R1_TxPacket   si24r1.o
    0x080047ac   0x0000004c   Code   RO         1016    i.SI24R1_Write_Buf  si24r1.o
    0x080047f8   0x00000038   Code   RO         1017    i.SI24R1_read_reg   si24r1.o
    0x08004830   0x0000004c   Code   RO         1018    i.SI24R1_testConnection  si24r1.o
    0x0800487c   0x00000038   Code   RO         1019    i.SI24R1_write_reg  si24r1.o
    0x080048b4   0x00000070   Code   RO         1020    i.SI24R1set_Mode    si24r1.o
    0x08004924   0x00000038   Code   RO          619    i.SPI2_WriteReadByte  spi.o
    0x0800495c   0x00000018   Code   RO         2541    i.SPI_Cmd           stm32f10x_spi.o
    0x08004974   0x00000080   Code   RO          620    i.SPI_GPIO_Init     spi.o
    0x080049f4   0x00000012   Code   RO         2549    i.SPI_I2S_GetFlagStatus  stm32f10x_spi.o
    0x08004a06   0x00000006   Code   RO         2552    i.SPI_I2S_ReceiveData  stm32f10x_spi.o
    0x08004a0c   0x00000004   Code   RO         2553    i.SPI_I2S_SendData  stm32f10x_spi.o
    0x08004a10   0x0000003c   Code   RO         2554    i.SPI_Init          stm32f10x_spi.o
    0x08004a4c   0x00000020   Code   RO          923    i.STMFLASH_Read     flash.o
    0x08004a6c   0x00000006   Code   RO          924    i.STMFLASH_ReadWord  flash.o
    0x08004a72   0x00000002   PAD
    0x08004a74   0x00000088   Code   RO          925    i.STMFLASH_Write    flash.o
    0x08004afc   0x000000a0   Code   RO         1398    i.Safety_Check      control.o
    0x08004b9c   0x00000114   Code   RO         1612    i.SendToRemote      remotedata.o
    0x08004cb0   0x00000008   Code   RO         3451    i.SetSysClock       system_stm32f10x.o
    0x08004cb8   0x000000e0   Code   RO         3452    i.SetSysClockTo72   system_stm32f10x.o
    0x08004d98   0x0000011c   Code   RO         1153    i.SortAver_FilterXYZ  filter.o
    0x08004eb4   0x00000028   Code   RO         1668    i.SysTick_CLKSourceConfig  misc.o
    0x08004edc   0x00000060   Code   RO         3454    i.SystemInit        system_stm32f10x.o
    0x08004f3c   0x0000005c   Code   RO         1114    i.System_Init       system.o
    0x08004f98   0x00000104   Code   RO          165    i.TIM4_IRQHandler   stm32f10x_it.o
    0x0800509c   0x00000006   Code   RO         2703    i.TIM_ClearITPendingBit  stm32f10x_tim.o
    0x080050a2   0x00000018   Code   RO         2708    i.TIM_Cmd           stm32f10x_tim.o
    0x080050ba   0x00000022   Code   RO         2729    i.TIM_GetITStatus   stm32f10x_tim.o
    0x080050dc   0x00000012   Code   RO         2733    i.TIM_ITConfig      stm32f10x_tim.o
    0x080050ee   0x00000002   PAD
    0x080050f0   0x00000044   Code   RO          445    i.TIM_Init          tim.o
    0x08005134   0x00000098   Code   RO         2737    i.TIM_OC1Init       stm32f10x_tim.o
    0x080051cc   0x00000012   Code   RO         2740    i.TIM_OC1PreloadConfig  stm32f10x_tim.o
    0x080051de   0x00000002   PAD
    0x080051e0   0x000000a4   Code   RO         2742    i.TIM_OC2Init       stm32f10x_tim.o
    0x08005284   0x0000001a   Code   RO         2745    i.TIM_OC2PreloadConfig  stm32f10x_tim.o
    0x0800529e   0x00000002   PAD
    0x080052a0   0x000000a0   Code   RO         2747    i.TIM_OC3Init       stm32f10x_tim.o
    0x08005340   0x00000012   Code   RO         2750    i.TIM_OC3PreloadConfig  stm32f10x_tim.o
    0x08005352   0x00000002   PAD
    0x08005354   0x0000007c   Code   RO         2752    i.TIM_OC4Init       stm32f10x_tim.o
    0x080053d0   0x0000001a   Code   RO         2754    i.TIM_OC4PreloadConfig  stm32f10x_tim.o
    0x080053ea   0x00000002   PAD
    0x080053ec   0x000000a4   Code   RO         2779    i.TIM_TimeBaseInit  stm32f10x_tim.o
    0x08005490   0x00000254   Code   RO         1327    i.TableToParams     paramsave.o
    0x080056e4   0x000000ac   Code   RO         1115    i.Task_Schedule     system.o
    0x08005790   0x0000004c   Code   RO          166    i.USART1_IRQHandler  stm32f10x_it.o
    0x080057dc   0x0000001e   Code   RO         3253    i.USART_ClearITPendingBit  stm32f10x_usart.o
    0x080057fa   0x00000018   Code   RO         3256    i.USART_Cmd         stm32f10x_usart.o
    0x08005812   0x0000001a   Code   RO         3259    i.USART_GetFlagStatus  stm32f10x_usart.o
    0x0800582c   0x00000054   Code   RO         3260    i.USART_GetITStatus  stm32f10x_usart.o
    0x08005880   0x0000004a   Code   RO         3262    i.USART_ITConfig    stm32f10x_usart.o
    0x080058ca   0x00000002   PAD
    0x080058cc   0x000000d8   Code   RO         3263    i.USART_Init        stm32f10x_usart.o
    0x080059a4   0x00000008   Code   RO         3273    i.USART_SendData    stm32f10x_usart.o
    0x080059ac   0x00000098   Code   RO          409    i.USART_init        usart.o
    0x08005a44   0x00000020   Code   RO         1613    i.UnControl_Land    remotedata.o
    0x08005a64   0x00000070   Code   RO          226    i.Write0            led.o
    0x08005ad4   0x00000068   Code   RO          227    i.Write1            led.o
    0x08005b3c   0x0000001c   Code   RO          228    i.Write24Bit        led.o
    0x08005b58   0x00000020   Code   RO         3781    i.__0printf         mc_w.l(printfa.o)
    0x08005b78   0x00000028   Code   RO         3867    i.__ARM_fpclassify  m_ws.l(fpclassify.o)
    0x08005ba0   0x000000aa   Code   RO         3885    i.__kernel_poly     m_ws.l(poly.o)
    0x08005c4a   0x00000006   Code   RO         3854    i.__mathlib_dbl_infnan  m_ws.l(dunder.o)
    0x08005c50   0x00000004   Code   RO         3855    i.__mathlib_dbl_infnan2  m_ws.l(dunder.o)
    0x08005c54   0x0000000c   Code   RO         3856    i.__mathlib_dbl_invalid  m_ws.l(dunder.o)
    0x08005c60   0x00000010   Code   RO         3859    i.__mathlib_dbl_underflow  m_ws.l(dunder.o)
    0x08005c70   0x0000000e   Code   RO         3958    i.__scatterload_copy  mc_w.l(handlers.o)
    0x08005c7e   0x00000002   Code   RO         3959    i.__scatterload_null  mc_w.l(handlers.o)
    0x08005c80   0x0000000e   Code   RO         3960    i.__scatterload_zeroinit  mc_w.l(handlers.o)
    0x08005c8e   0x00000002   PAD
    0x08005c90   0x0000000c   Code   RO         3922    i.__set_errno       mc_w.l(errno.o)
    0x08005c9c   0x00000164   Code   RO         3788    i._fp_digits        mc_w.l(printfa.o)
    0x08005e00   0x000006dc   Code   RO         3789    i._printf_core      mc_w.l(printfa.o)
    0x080064dc   0x00000024   Code   RO         3790    i._printf_post_padding  mc_w.l(printfa.o)
    0x08006500   0x0000002e   Code   RO         3791    i._printf_pre_padding  mc_w.l(printfa.o)
    0x0800652e   0x00000002   PAD
    0x08006530   0x00000270   Code   RO         3495    i.asin              m_ws.l(asin.o)
    0x080067a0   0x00000220   Code   RO         3844    i.atan              m_ws.l(atan.o)
    0x080069c0   0x00000180   Code   RO         3505    i.atan2             m_ws.l(atan2.o)
    0x08006b40   0x00000024   Code   RO          410    i.fputc             usart.o
    0x08006b64   0x0000004c   Code   RO         1239    i.invSqrt           imu.o
    0x08006bb0   0x0000000c   Code   RO            4    i.main              main.o
    0x08006bbc   0x0000004c   Code   RO         3892    i.sqrt              m_ws.l(sqrt.o)
    0x08006c08   0x00000030   Code   RO          411    i.usart_send        usart.o
    0x08006c38   0x00000024   Data   RO         1241    .constdata          imu.o
    0x08006c5c   0x00000004   PAD
    0x08006c60   0x00000050   Data   RO         3496    .constdata          m_ws.l(asin.o)
    0x08006cb0   0x00000098   Data   RO         3845    .constdata          m_ws.l(atan.o)
    0x08006d48   0x00000008   Data   RO         3887    .constdata          m_ws.l(qnan.o)
    0x08006d50   0x00000020   Data   RO         3956    Region$$Table       anon$$obj.o


    Execution Region RW_IRAM1 (Base: 0x20000000, Size: 0x00000f60, Max: 0x00005000, ABSOLUTE, COMPRESSED[0x00000068])

    Base Addr    Size         Type   Attr      Idx    E Section Name        Object

    0x20000000   0x00000012   Data   RW          167    .data               stm32f10x_it.o
    0x20000012   0x00000002   PAD
    0x20000014   0x000001c6   Data   RW          229    .data               led.o
    0x200001da   0x00000004   Data   RW          374    .data               delay.o
    0x200001de   0x00000002   PAD
    0x200001e0   0x0000002a   Data   RW          810    .data               mpu6050.o
    0x2000020a   0x00000002   PAD
    0x2000020c   0x00000017   Data   RW          963    .data               power.o
    0x20000223   0x0000000d   Data   RW         1022    .data               si24r1.o
    0x20000230   0x0000000e   Data   RW         1156    .data               filter.o
    0x2000023e   0x00000002   PAD
    0x20000240   0x00000021   Data   RW         1242    .data               imu.o
    0x20000261   0x00000003   PAD
    0x20000264   0x0000001c   Data   RW         1402    .data               control.o
    0x20000280   0x00000009   Data   RW         1521    .data               ano_dt.o
    0x20000289   0x00000001   PAD
    0x2000028a   0x0000000c   Data   RW         1614    .data               remotedata.o
    0x20000296   0x00000014   Data   RW         2356    .data               stm32f10x_rcc.o
    0x200002aa   0x00000002   PAD
    0x200002ac   0x00000014   Data   RW         3455    .data               system_stm32f10x.o
    0x200002c0   0x00000004   Data   RW         3913    .data               mc_w.l(stdout.o)
    0x200002c4   0x00000004   Data   RW         3923    .data               mc_w.l(errno.o)
    0x200002c8   0x00000040   Zero   RW          695    .bss                fbm320.o
    0x20000308   0x0000000e   Zero   RW          809    .bss                mpu6050.o
    0x20000316   0x00000040   Zero   RW         1021    .bss                si24r1.o
    0x20000356   0x00000002   PAD
    0x20000358   0x00000500   Zero   RW         1155    .bss                filter.o
    0x20000858   0x00000078   Zero   RW         1240    .bss                imu.o
    0x200008d0   0x0000003e   Zero   RW         1328    .bss                paramsave.o
    0x2000090e   0x00000002   PAD
    0x20000910   0x000001e0   Zero   RW         1401    .bss                control.o
    0x20000af0   0x0000006e   Zero   RW         1520    .bss                ano_dt.o
    0x20000b5e   0x00000002   PAD
    0x20000b60   0x00000400   Zero   RW         3441    STACK               startup_stm32f10x_md.o


==============================================================================

Image component sizes


      Code (inc. data)   RO Data    RW Data    ZI Data      Debug   Object Name

      4456        252          0          9        110       9290   ano_dt.o
       208         38          0         28        480       6354   control.o
       212         30          0          4          0       1527   delay.o
        80          6          0          0          0        492   exit.o
         0          0          0          0         64       4372   fbm320.o
       562         32          0         14       1280      11337   filter.o
       174         10          0          0          0       2153   flash.o
       854         52          0          0          0       7078   iic.o
      2032        116         36         33        120       7806   imu.o
       898         52          0        454          0       7801   led.o
        12          0          0          0          0     278491   main.o
       172         22          0          0          0       2245   misc.o
       368         16          0          0          0       1332   motor.o
       758         76          0         42         14      10117   mpu6050.o
        94          0          0          0          0        489   nvic.o
      3064       1156          0          0         62       7499   paramsave.o
       176         52          0          0          0        476   pid.o
       484         94          0         23          0       6341   power.o
       672         86          0         12          0       6902   remotedata.o
       932         98          0         13         64       7139   si24r1.o
       184         14          0          0          0       1061   spi.o
        36          8        236          0       1024        796   startup_stm32f10x_md.o
       334         10          0          0          0       6056   stm32f10x_adc.o
       200         18          0          0          0       2280   stm32f10x_exti.o
       318         32          0          0          0       5102   stm32f10x_flash.o
       350          4          0          0          0       3858   stm32f10x_gpio.o
       468         68          0         18          0       2050   stm32f10x_it.o
       300         38          0         20          0       5177   stm32f10x_rcc.o
       112          0          0          0          0       4062   stm32f10x_spi.o
       934         92          0          0          0       9238   stm32f10x_tim.o
       462          6          0          0          0       6523   stm32f10x_usart.o
       264         66          0          0          0        990   system.o
       328         28          0         20          0       2205   system_stm32f10x.o
        68          6          0          0          0        459   tim.o
       236         20          0          0          0       1986   usart.o

    ----------------------------------------------------------------------
     20828       2598        308        704       3224     431084   Object Totals
         0          0         32          0          0          0   (incl. Generated)
        26          0          4         14          6          0   (incl. Padding)

    ----------------------------------------------------------------------

      Code (inc. data)   RO Data    RW Data    ZI Data      Debug   Library Member Name

       624         52         80          0          0        168   asin.o
       544         70        152          0          0        124   atan.o
       384         38          0          0          0        144   atan2.o
        38          6          0          0          0        272   dunder.o
        40          0          0          0          0         68   fpclassify.o
       170          0          0          0          0         96   poly.o
         0          0          8          0          0          0   qnan.o
        76          0          0          0          0         84   sqrt.o
        86          0          0          0          0          0   __dczerorl2.o
         0          0          0          0          0          0   entry.o
         0          0          0          0          0          0   entry10a.o
         0          0          0          0          0          0   entry11a.o
         8          4          0          0          0          0   entry2.o
         4          0          0          0          0          0   entry5.o
         0          0          0          0          0          0   entry7b.o
         0          0          0          0          0          0   entry8b.o
         8          4          0          0          0          0   entry9a.o
        12          6          0          4          0         68   errno.o
        30          0          0          0          0          0   handlers.o
        36          8          0          0          0         68   init.o
         0          0          0          0          0          0   iusefp.o
        30          0          0          0          0         68   llshl.o
        36          0          0          0          0         68   llsshr.o
        32          0          0          0          0         68   llushr.o
        36          0          0          0          0         68   memcpya.o
      2226         90          0          0          0        444   printfa.o
         0          0          0          4          0          0   stdout.o
        44          0          0          0          0         80   uidiv.o
        98          0          0          0          0         92   uldiv.o
        48          0          0          0          0         68   cdrcmple.o
        20          0          0          0          0         68   cfcmple.o
        20          0          0          0          0         68   cfrcmple.o
        56          0          0          0          0         88   d2f.o
       334          0          0          0          0        148   dadd.o
       222          0          0          0          0        100   ddiv.o
       186          0          0          0          0        176   depilogue.o
        48          0          0          0          0         68   dfixul.o
        34          0          0          0          0         76   dflti.o
       228          0          0          0          0         96   dmul.o
        46          0          0          0          0         80   dscalb.o
       162          0          0          0          0        100   dsqrt.o
        38          0          0          0          0         68   f2d.o
       176          0          0          0          0        140   fadd.o
       124          0          0          0          0         88   fdiv.o
       110          0          0          0          0        168   fepilogue.o
        50          0          0          0          0         68   ffixi.o
        40          0          0          0          0         68   ffixui.o
        18          0          0          0          0         68   fflti.o
        10          0          0          0          0         68   ffltui.o
       100          0          0          0          0         76   fmul.o

    ----------------------------------------------------------------------
      6640        278        240          8          0       3928   Library Totals
         8          0          0          0          0          0   (incl. Padding)

    ----------------------------------------------------------------------

      Code (inc. data)   RO Data    RW Data    ZI Data      Debug   Library Name

      1876        166        240          0          0        956   m_ws.l
      2686        112          0          8          0       1024   mc_w.l
      2070          0          0          0          0       1948   mf_w.l

    ----------------------------------------------------------------------
      6640        278        240          8          0       3928   Library Totals

    ----------------------------------------------------------------------

==============================================================================


      Code (inc. data)   RO Data    RW Data    ZI Data      Debug   

     27468       2876        548        712       3224     424896   Grand Totals
     27468       2876        548        104       3224     424896   ELF Image Totals (compressed)
     27468       2876        548        104          0          0   ROM Totals

==============================================================================

    Total RO  Size (Code + RO Data)                28016 (  27.36kB)
    Total RW  Size (RW Data + ZI Data)              3936 (   3.84kB)
    Total ROM Size (Code + RO Data + RW Data)      28120 (  27.46kB)

==============================================================================

